[INFO] === OmniScope IR Analysis ===

[INFO] File: ～/OmniScope/corpus/red_team_test/red_team_bugs_O0.ll


[DEBUG] Loading file: ～/OmniScope/corpus/red_team_test/red_team_bugs_O0.ll
[INFO] Loaded: 35 functions


[31m[ERROR][0m VULNERABILITY OMI-001 [medium] [Confidence: MEDIUM]
[31m[ERROR][0m Type: tainted_path_to_sink
[31m[ERROR][0m Reason: Untrusted data flows to sensitive sink without validation
[31m[ERROR][0m Path:
[31m[ERROR][0m   [Sink] execvp()
[31m[ERROR][0m     └─> bug_exec_call()
[31m[ERROR][0m   [Source] main() - initial taint source
[2m[DEBUG][0m ANALYZE [USER]: bug_memory_leak
[31m[ERROR][0m [MEDIUM] RISKY LIBC CALL: bug_memory_leak -> malloc
[31m[ERROR][0m   Location: ～/OmniScope/corpus/red_team_test/red_team_bugs.c:20:28
[31m[ERROR][0m   Kind: allocator
[31m[ERROR][0m   Detail: Allocate memory - returns ownership, check for null
[31m[ERROR][0m   Warning: This function TRANSFERS ownership
[31m[ERROR][0m   Warning: Result requires NULL check
[31m[ERROR][0m [MEDIUM] RISKY LIBC CALL: bug_memory_leak -> printf
[31m[ERROR][0m   Location: ～/OmniScope/corpus/red_team_test/red_team_bugs.c:22:5
[31m[ERROR][0m   Kind: format_string
[31m[ERROR][0m   Detail: Print formatted - format string vulnerability if user-controlled
[2m[DEBUG][0m ANALYZE [USER]: bug_use_after_free
[31m[ERROR][0m [MEDIUM] RISKY LIBC CALL: bug_use_after_free -> malloc
[31m[ERROR][0m   Location: ～/OmniScope/corpus/red_team_test/red_team_bugs.c:32:24
[31m[ERROR][0m   Kind: allocator
[31m[ERROR][0m   Detail: Allocate memory - returns ownership, check for null
[31m[ERROR][0m   Warning: This function TRANSFERS ownership
[31m[ERROR][0m   Warning: Result requires NULL check
[31m[ERROR][0m [HIGH] RISKY LIBC CALL: bug_use_after_free -> free
[31m[ERROR][0m   Location: ～/OmniScope/corpus/red_team_test/red_team_bugs.c:36:5
[31m[ERROR][0m   Kind: deallocator
[31m[ERROR][0m   Detail: Free memory - consumes ownership, cross-language mismatch risk
[31m[ERROR][0m   Warning: This function CONSUMES ownership
[31m[ERROR][0m [MEDIUM] RISKY LIBC CALL: bug_use_after_free -> printf
[31m[ERROR][0m   Location: ～/OmniScope/corpus/red_team_test/red_team_bugs.c:39:5
[31m[ERROR][0m   Kind: format_string
[31m[ERROR][0m   Detail: Print formatted - format string vulnerability if user-controlled
[2m[DEBUG][0m ANALYZE [USER]: bug_double_free
[31m[ERROR][0m [HIGH] RISKY LIBC CALL: bug_double_free -> free
[31m[ERROR][0m   Location: ～/OmniScope/corpus/red_team_test/red_team_bugs.c:49:5
[31m[ERROR][0m   Kind: deallocator
[31m[ERROR][0m   Detail: Free memory - consumes ownership, cross-language mismatch risk
[31m[ERROR][0m   Warning: This function CONSUMES ownership
[31m[ERROR][0m [HIGH] RISKY LIBC CALL: bug_double_free -> free
[31m[ERROR][0m   Location: ～/OmniScope/corpus/red_team_test/red_team_bugs.c:50:5
[31m[ERROR][0m   Kind: deallocator
[31m[ERROR][0m   Detail: Free memory - consumes ownership, cross-language mismatch risk
[31m[ERROR][0m   Warning: This function CONSUMES ownership
[2m[DEBUG][0m ANALYZE [USER]: bug_null_deref
[31m[ERROR][0m [MEDIUM] RISKY LIBC CALL: bug_null_deref -> malloc
[31m[ERROR][0m   Location: ～/OmniScope/corpus/red_team_test/red_team_bugs.c:58:23
[31m[ERROR][0m   Kind: allocator
[31m[ERROR][0m   Detail: Allocate memory - returns ownership, check for null
[31m[ERROR][0m   Warning: This function TRANSFERS ownership
[31m[ERROR][0m   Warning: Result requires NULL check
[31m[ERROR][0m [HIGH] RISKY LIBC CALL: bug_null_deref -> free
[31m[ERROR][0m   Location: ～/OmniScope/corpus/red_team_test/red_team_bugs.c:61:5
[31m[ERROR][0m   Kind: deallocator
[31m[ERROR][0m   Detail: Free memory - consumes ownership, cross-language mismatch risk
[31m[ERROR][0m   Warning: This function CONSUMES ownership
[2m[DEBUG][0m ANALYZE [USER]: bug_dangerous_system
[31m[ERROR][0m [LOW] FFI RISK: bug_dangerous_system -> fgets
[31m[ERROR][0m   Location: ～/OmniScope/corpus/red_team_test/red_team_bugs.c:70:5
[31m[ERROR][0m   Kind: file_io
[31m[ERROR][0m   Detail: Read line from file - bounded read, safer than gets
[31m[ERROR][0m [CRITICAL] FFI RISK: bug_dangerous_system -> _system
[31m[ERROR][0m   Location: ～/OmniScope/corpus/red_team_test/red_team_bugs.c:74:5
[31m[ERROR][0m   Kind: command_exec
[31m[ERROR][0m   Detail: Execute shell command - command injection risk
[2m[DEBUG][0m ANALYZE [USER]: bug_buffer_overflow
[31m[ERROR][0m [MEDIUM] RISKY LIBC CALL: bug_buffer_overflow -> printf
[31m[ERROR][0m   Location: ～/OmniScope/corpus/red_team_test/red_team_bugs.c:86:5
[31m[ERROR][0m   Kind: format_string
[31m[ERROR][0m   Detail: Print formatted - format string vulnerability if user-controlled
[2m[DEBUG][0m ANALYZE [USER]: bug_format_string
[31m[ERROR][0m [MEDIUM] RISKY LIBC CALL: bug_format_string -> printf
[31m[ERROR][0m   Location: ～/OmniScope/corpus/red_team_test/red_team_bugs.c:96:5
[31m[ERROR][0m   Kind: format_string
[31m[ERROR][0m   Detail: Print formatted - format string vulnerability if user-controlled
[2m[DEBUG][0m ANALYZE [USER]: bug_file_handle_leak
[31m[ERROR][0m [MEDIUM] FFI RISK: bug_file_handle_leak -> fprintf
[31m[ERROR][0m   Location: ～/OmniScope/corpus/red_team_test/red_team_bugs.c:106:9
[31m[ERROR][0m   Kind: format_string
[31m[ERROR][0m   Detail: Print formatted - format string vulnerability if user-controlled
[33m[WARN][0m   DANGLING RISK: Loading from stack variable and passing to FFI — ensure variable is still in scope
[2m[DEBUG][0m ANALYZE [USER]: bug_realloc_mishandle
[31m[ERROR][0m [MEDIUM] RISKY LIBC CALL: bug_realloc_mishandle -> malloc
[31m[ERROR][0m   Location: ～/OmniScope/corpus/red_team_test/red_team_bugs.c:117:25
[31m[ERROR][0m   Kind: allocator
[31m[ERROR][0m   Detail: Allocate memory - returns ownership, check for null
[31m[ERROR][0m   Warning: This function TRANSFERS ownership
[31m[ERROR][0m   Warning: Result requires NULL check
[31m[ERROR][0m [MEDIUM] FFI RISK: bug_realloc_mishandle -> realloc
[31m[ERROR][0m   Location: ～/OmniScope/corpus/red_team_test/red_team_bugs.c:121:19
[31m[ERROR][0m   Kind: allocator
[31m[ERROR][0m   Detail: Reallocate memory - consumes old, returns new ownership
[31m[ERROR][0m   Warning: This function CONSUMES ownership
[31m[ERROR][0m   Warning: This function TRANSFERS ownership
[31m[ERROR][0m   Warning: Result requires NULL check
[33m[WARN][0m   CONTRACT VIOLATION: realloc returns nullable pointer but no NULL check detected
[33m[WARN][0m   Risk: NULL pointer dereference / crash
[2m[DEBUG][0m   LIFETIME: Return value -> heap-allocated (caller owns, must free)
[33m[WARN][0m   DANGLING RISK: Loading from stack variable and passing to FFI — ensure variable is still in scope
[31m[ERROR][0m [HIGH] RISKY LIBC CALL: bug_realloc_mishandle -> free
[31m[ERROR][0m   Location: ～/OmniScope/corpus/red_team_test/red_team_bugs.c:123:5
[31m[ERROR][0m   Kind: deallocator
[31m[ERROR][0m   Detail: Free memory - consumes ownership, cross-language mismatch risk
[31m[ERROR][0m   Warning: This function CONSUMES ownership
[2m[DEBUG][0m ANALYZE [USER]: bug_uninitialized_var
[31m[ERROR][0m [MEDIUM] RISKY LIBC CALL: bug_uninitialized_var -> printf
[31m[ERROR][0m   Location: ～/OmniScope/corpus/red_team_test/red_team_bugs.c:135:9
[31m[ERROR][0m   Kind: format_string
[31m[ERROR][0m   Detail: Print formatted - format string vulnerability if user-controlled
[2m[DEBUG][0m ANALYZE [USER]: bug_popen_risk
[31m[ERROR][0m [LOW] FFI RISK: bug_popen_risk -> fgets
[31m[ERROR][0m   Location: ～/OmniScope/corpus/red_team_test/red_team_bugs.c:157:5
[31m[ERROR][0m   Kind: file_io
[31m[ERROR][0m   Detail: Read line from file - bounded read, safer than gets
[31m[ERROR][0m [CRITICAL] FFI RISK: bug_popen_risk -> _popen
[31m[ERROR][0m   Location: ～/OmniScope/corpus/red_team_test/red_team_bugs.c:161:18
[31m[ERROR][0m   Kind: command_exec
[31m[ERROR][0m   Detail: Open pipe to process - command injection risk
[31m[ERROR][0m [LOW] FFI RISK: bug_popen_risk -> fgets
[31m[ERROR][0m   Location: ～/OmniScope/corpus/red_team_test/red_team_bugs.c:164:16
[31m[ERROR][0m   Kind: file_io
[31m[ERROR][0m   Detail: Read line from file - bounded read, safer than gets
[33m[WARN][0m   DANGLING RISK: Loading from stack variable and passing to FFI — ensure variable is still in scope
[31m[ERROR][0m [MEDIUM] RISKY LIBC CALL: bug_popen_risk -> printf
[31m[ERROR][0m   Location: ～/OmniScope/corpus/red_team_test/red_team_bugs.c:165:13
[31m[ERROR][0m   Kind: format_string
[31m[ERROR][0m   Detail: Print formatted - format string vulnerability if user-controlled
[2m[DEBUG][0m ANALYZE [USER]: bug_out_of_bounds_access
[31m[ERROR][0m [MEDIUM] RISKY LIBC CALL: bug_out_of_bounds_access -> printf
[31m[ERROR][0m   Location: ～/OmniScope/corpus/red_team_test/red_team_bugs.c:180:5
[31m[ERROR][0m   Kind: format_string
[31m[ERROR][0m   Detail: Print formatted - format string vulnerability if user-controlled
[2m[DEBUG][0m ANALYZE [USER]: bug_struct_member_leak
[31m[ERROR][0m [MEDIUM] RISKY LIBC CALL: bug_struct_member_leak -> malloc
[31m[ERROR][0m   Location: ～/OmniScope/corpus/red_team_test/red_team_bugs.c:194:42
[31m[ERROR][0m   Kind: allocator
[31m[ERROR][0m   Detail: Allocate memory - returns ownership, check for null
[31m[ERROR][0m   Warning: This function TRANSFERS ownership
[31m[ERROR][0m   Warning: Result requires NULL check
[31m[ERROR][0m [MEDIUM] RISKY LIBC CALL: bug_struct_member_leak -> malloc
[31m[ERROR][0m   Location: ～/OmniScope/corpus/red_team_test/red_team_bugs.c:196:24
[31m[ERROR][0m   Kind: allocator
[31m[ERROR][0m   Detail: Allocate memory - returns ownership, check for null
[31m[ERROR][0m   Warning: This function TRANSFERS ownership
[31m[ERROR][0m   Warning: Result requires NULL check
[31m[ERROR][0m [HIGH] RISKY LIBC CALL: bug_struct_member_leak -> free
[31m[ERROR][0m   Location: ～/OmniScope/corpus/red_team_test/red_team_bugs.c:199:5
[31m[ERROR][0m   Kind: deallocator
[31m[ERROR][0m   Detail: Free memory - consumes ownership, cross-language mismatch risk
[31m[ERROR][0m   Warning: This function CONSUMES ownership
[2m[DEBUG][0m ANALYZE [USER]: bug_loop_leak
[31m[ERROR][0m [MEDIUM] RISKY LIBC CALL: bug_loop_leak -> malloc
[31m[ERROR][0m   Location: ～/OmniScope/corpus/red_team_test/red_team_bugs.c:210:31
[31m[ERROR][0m   Kind: allocator
[31m[ERROR][0m   Detail: Allocate memory - returns ownership, check for null
[31m[ERROR][0m   Warning: This function TRANSFERS ownership
[31m[ERROR][0m   Warning: Result requires NULL check
[2m[DEBUG][0m ANALYZE [USER]: bug_conditional_leak
[31m[ERROR][0m [MEDIUM] RISKY LIBC CALL: bug_conditional_leak -> malloc
[31m[ERROR][0m   Location: ～/OmniScope/corpus/red_team_test/red_team_bugs.c:222:22
[31m[ERROR][0m   Kind: allocator
[31m[ERROR][0m   Detail: Allocate memory - returns ownership, check for null
[31m[ERROR][0m   Warning: This function TRANSFERS ownership
[31m[ERROR][0m   Warning: Result requires NULL check
[31m[ERROR][0m [HIGH] RISKY LIBC CALL: bug_conditional_leak -> free
[31m[ERROR][0m   Location: ～/OmniScope/corpus/red_team_test/red_team_bugs.c:224:9
[31m[ERROR][0m   Kind: deallocator
[31m[ERROR][0m   Detail: Free memory - consumes ownership, cross-language mismatch risk
[31m[ERROR][0m   Warning: This function CONSUMES ownership
[31m[ERROR][0m [MEDIUM] RISKY LIBC CALL: bug_conditional_leak -> printf
[31m[ERROR][0m   Location: ～/OmniScope/corpus/red_team_test/red_team_bugs.c:228:5
[31m[ERROR][0m   Kind: format_string
[31m[ERROR][0m   Detail: Print formatted - format string vulnerability if user-controlled
[2m[DEBUG][0m ANALYZE [USER]: bug_exec_call
[2m[DEBUG][0m ANALYZE [USER]: main
[31m[ERROR][0m [MEDIUM] RISKY LIBC CALL: main -> printf
[31m[ERROR][0m   Location: ～/OmniScope/corpus/red_team_test/red_team_bugs.c:244:5
[31m[ERROR][0m   Kind: format_string
[31m[ERROR][0m   Detail: Print formatted - format string vulnerability if user-controlled
[31m[ERROR][0m [MEDIUM] RISKY LIBC CALL: main -> printf
[31m[ERROR][0m   Location: ～/OmniScope/corpus/red_team_test/red_team_bugs.c:267:5
[31m[ERROR][0m   Kind: format_string
[31m[ERROR][0m   Detail: Print formatted - format string vulnerability if user-controlled
[32m[INFO][0m FFI Analysis Summary:
[32m[INFO][0m   Functions analyzed: 35
[32m[INFO][0m   FFI Boundaries: 17
[32m[INFO][0m     - Cross-language: 0
[32m[INFO][0m     - External unknown: 17
[32m[INFO][0m     - LibC calls: 25
[31m[ERROR][0m   Dangerous calls: 32
[32m[INFO][0m   Semantic Registry: 166 functions known
[33m[WARN][0m MEMORY LEAK [MEDIUM]: Memory allocated but never freed in bug_null_deref
[33m[WARN][0m MEMORY LEAK [MEDIUM]: Memory allocated but never freed in bug_realloc_mishandle
[33m[WARN][0m MEMORY LEAK [MEDIUM]: Memory allocated but never freed in bug_struct_member_leak
[33m[WARN][0m MEMORY LEAK [MEDIUM]: Memory allocated but never freed in bug_memory_leak
[33m[WARN][0m MEMORY LEAK [MEDIUM]: Memory allocated but never freed in bug_conditional_leak
[33m[WARN][0m MEMORY LEAK [MEDIUM]: Memory allocated but never freed in bug_loop_leak
[33m[WARN][0m MEMORY LEAK [MEDIUM]: Memory allocated but never freed in bug_use_after_free
[31m[ERROR][0m VULNERABILITY OMI-002 [critical] [Confidence: medium]
[31m[ERROR][0m Type: null_dereference
[31m[ERROR][0m Reason: allocation may return NULL, used without null guard
[32m[INFO][0m PointerOwnership: Found 7 memory leaks (formalized as issues)
[32m[INFO][0m PointerOwnership: Found 9 allocations, 7 frees, 9 tracked pointers
[32m[INFO][0m PointerOwnership: No cross-language ownership violations detected
[32m[INFO][0m   (Checks for Rust-alloc/C-free or C-alloc/Rust-free mismatches)
[32m[INFO][0m PointerOwnership: Memory pool stats - allocated: 9, reused: 0, in_use: 9

[36m═══════════════════════════════════════════════════════════════[0m
[1mZone Classification Summary[0m
[36m═══════════════════════════════════════════════════════════════[0m

  Total functions analyzed:    17
  Safe zone (skipped):         0 (0.0%)
  Runtime internal (skipped):  0
  Unsafe zone (analyzed):      0
  FFI zone (analyzed):         0
  Unknown zone:                17

[32m  Escape zone functions:       0 (0.0% of total)[0m
[33m  Issues found:                7[0m

[36m═══════════════════════════════════════════════════════════════[0m


=== Performance Profile Report ===

Operation                           Calls   Total (ms)     Avg (us)     Max (us)
--------------------------------------------------------------------------------
init                                    1         4.86      4863.79      4863.79
detect                                  2         1.29       645.48       664.00
total                                   1         4.87      4870.17      4870.17
analysis                                1         4.13      4130.67      4130.67
[32m[INFO][0m PointerOwnership: 4 ops, 15.16ms total
[32m[INFO][0m FFIUnsafe: Analyzed 17 boundaries, found 2 issues
[INFO] Analysis complete

[INFO] Functions processed: 35

[INFO] Facts generated: 16

[INFO] Report saved to: ～/OmniScope/outputs/audit/red_team_bugs_O0.json

