[INFO] === OmniScope IR Analysis ===

[INFO] File: ～/OmniScope/corpus/ffi-dense/output/sqlite_binding.ll


[DEBUG] Loading file: ～/OmniScope/corpus/ffi-dense/output/sqlite_binding.ll
[INFO] Loaded: 24 functions


[2m[DEBUG][0m ANALYZE [USER]: leak_database_open
[31m[ERROR][0m [HIGH] FFI RISK: leak_database_open -> sqlite3_open
[31m[ERROR][0m   Location: ～/OmniScope/corpus/ffi-dense/sqlite_binding.c:19:14
[31m[ERROR][0m   Kind: allocator
[31m[ERROR][0m   Detail: SQLite3 database connection allocation
[31m[ERROR][0m   Warning: This function TRANSFERS ownership
[31m[ERROR][0m   Warning: Result requires NULL check
[33m[WARN][0m   CONTRACT VIOLATION: sqlite3_open returns nullable pointer but no NULL check detected
[33m[WARN][0m   Risk: NULL pointer dereference / crash
[2m[DEBUG][0m   LIFETIME: Return value -> heap-allocated (caller owns, must free)
[33m[WARN][0m   DANGLING RISK: Loading from stack variable and passing to FFI — ensure variable is still in scope
[2m[DEBUG][0m   LIFETIME: Stack address (alloca) passed to sqlite3_open — verify scope safety
[2m[DEBUG][0m ANALYZE [USER]: leak_statement
[31m[ERROR][0m [HIGH] FFI RISK: leak_statement -> sqlite3_prepare_v2
[31m[ERROR][0m   Location: ～/OmniScope/corpus/ffi-dense/sqlite_binding.c:32:14
[31m[ERROR][0m   Kind: allocator
[31m[ERROR][0m   Detail: SQLite3 prepared statement allocation
[31m[ERROR][0m   Warning: This function TRANSFERS ownership
[31m[ERROR][0m   Warning: Result requires NULL check
[33m[WARN][0m   CONTRACT VIOLATION: sqlite3_prepare returns nullable pointer but no NULL check detected
[33m[WARN][0m   Risk: NULL pointer dereference / crash
[2m[DEBUG][0m   LIFETIME: Return value -> heap-allocated (caller owns, must free)
[33m[WARN][0m   DANGLING RISK: Loading from stack variable and passing to FFI — ensure variable is still in scope
[33m[WARN][0m   DANGLING RISK: Loading from stack variable and passing to FFI — ensure variable is still in scope
[2m[DEBUG][0m   LIFETIME: Stack address (alloca) passed to sqlite3_prepare_v2 — verify scope safety
[2m[DEBUG][0m   LIFETIME: NULL passed as param 4 to sqlite3_prepare_v2 — verify intent
[2m[DEBUG][0m ANALYZE [USER]: bind_dangling_pointer
[31m[ERROR][0m [HIGH] FFI RISK: bind_dangling_pointer -> sqlite3_prepare_v2
[31m[ERROR][0m   Location: ～/OmniScope/corpus/ffi-dense/sqlite_binding.c:49:5
[31m[ERROR][0m   Kind: allocator
[31m[ERROR][0m   Detail: SQLite3 prepared statement allocation
[31m[ERROR][0m   Warning: This function TRANSFERS ownership
[31m[ERROR][0m   Warning: Result requires NULL check
[33m[WARN][0m   CONTRACT VIOLATION: sqlite3_prepare returns nullable pointer but no NULL check detected
[33m[WARN][0m   Risk: NULL pointer dereference / crash
[33m[WARN][0m   CONTRACT WARNING: sqlite3_prepare transfers ownership but result may be discarded (leak risk)
[2m[DEBUG][0m   LIFETIME: Return value -> heap-allocated (caller owns, must free)
[33m[WARN][0m   DANGLING RISK: Loading from stack variable and passing to FFI — ensure variable is still in scope
[33m[WARN][0m   DANGLING RISK: Loading from stack variable and passing to FFI — ensure variable is still in scope
[2m[DEBUG][0m   LIFETIME: Stack address (alloca) passed to sqlite3_prepare_v2 — verify scope safety
[2m[DEBUG][0m   LIFETIME: NULL passed as param 4 to sqlite3_prepare_v2 — verify intent
[31m[ERROR][0m [MEDIUM] RISKY LIBC CALL: bind_dangling_pointer -> malloc
[31m[ERROR][0m   Location: ～/OmniScope/corpus/ffi-dense/sqlite_binding.c:51:18
[31m[ERROR][0m   Kind: allocator
[31m[ERROR][0m   Detail: Allocate memory - returns ownership, check for null
[31m[ERROR][0m   Warning: This function TRANSFERS ownership
[31m[ERROR][0m   Warning: Result requires NULL check
[31m[ERROR][0m [HIGH] RISKY LIBC CALL: bind_dangling_pointer -> free
[31m[ERROR][0m   Location: ～/OmniScope/corpus/ffi-dense/sqlite_binding.c:53:5
[31m[ERROR][0m   Kind: deallocator
[31m[ERROR][0m   Detail: Free memory - consumes ownership, cross-language mismatch risk
[31m[ERROR][0m   Warning: This function CONSUMES ownership
[31m[ERROR][0m [HIGH] FFI RISK: bind_dangling_pointer -> sqlite3_finalize
[31m[ERROR][0m   Location: ～/OmniScope/corpus/ffi-dense/sqlite_binding.c:58:5
[31m[ERROR][0m   Kind: deallocator
[31m[ERROR][0m   Detail: SQLite3 prepared statement deallocation
[31m[ERROR][0m   Warning: This function CONSUMES ownership
[33m[WARN][0m   DANGLING RISK: Loading from stack variable and passing to FFI — ensure variable is still in scope
[2m[DEBUG][0m ANALYZE [USER]: get_user_name_dangling
[31m[ERROR][0m [HIGH] FFI RISK: get_user_name_dangling -> sqlite3_prepare_v2
[31m[ERROR][0m   Location: ～/OmniScope/corpus/ffi-dense/sqlite_binding.c:67:5
[31m[ERROR][0m   Kind: allocator
[31m[ERROR][0m   Detail: SQLite3 prepared statement allocation
[31m[ERROR][0m   Warning: This function TRANSFERS ownership
[31m[ERROR][0m   Warning: Result requires NULL check
[33m[WARN][0m   CONTRACT VIOLATION: sqlite3_prepare returns nullable pointer but no NULL check detected
[33m[WARN][0m   Risk: NULL pointer dereference / crash
[33m[WARN][0m   CONTRACT WARNING: sqlite3_prepare transfers ownership but result may be discarded (leak risk)
[2m[DEBUG][0m   LIFETIME: Return value -> heap-allocated (caller owns, must free)
[33m[WARN][0m   DANGLING RISK: Loading from stack variable and passing to FFI — ensure variable is still in scope
[33m[WARN][0m   DANGLING RISK: Loading from stack variable and passing to FFI — ensure variable is still in scope
[2m[DEBUG][0m   LIFETIME: Stack address (alloca) passed to sqlite3_prepare_v2 — verify scope safety
[2m[DEBUG][0m   LIFETIME: NULL passed as param 4 to sqlite3_prepare_v2 — verify intent
[31m[ERROR][0m [HIGH] FFI RISK: get_user_name_dangling -> sqlite3_finalize
[31m[ERROR][0m   Location: ～/OmniScope/corpus/ffi-dense/sqlite_binding.c:74:5
[31m[ERROR][0m   Kind: deallocator
[31m[ERROR][0m   Detail: SQLite3 prepared statement deallocation
[31m[ERROR][0m   Warning: This function CONSUMES ownership
[33m[WARN][0m   DANGLING RISK: Loading from stack variable and passing to FFI — ensure variable is still in scope
[2m[DEBUG][0m ANALYZE [USER]: dangerous_exec
[2m[DEBUG][0m ANALYZE [USER]: sql_injection
[2m[DEBUG][0m ANALYZE [USER]: correct_usage
[31m[ERROR][0m [HIGH] FFI RISK: correct_usage -> sqlite3_open
[31m[ERROR][0m   Location: ～/OmniScope/corpus/ffi-dense/sqlite_binding.c:109:14
[31m[ERROR][0m   Kind: allocator
[31m[ERROR][0m   Detail: SQLite3 database connection allocation
[31m[ERROR][0m   Warning: This function TRANSFERS ownership
[31m[ERROR][0m   Warning: Result requires NULL check
[33m[WARN][0m   CONTRACT VIOLATION: sqlite3_open returns nullable pointer but no NULL check detected
[33m[WARN][0m   Risk: NULL pointer dereference / crash
[2m[DEBUG][0m   LIFETIME: Return value -> heap-allocated (caller owns, must free)
[33m[WARN][0m   DANGLING RISK: Loading from stack variable and passing to FFI — ensure variable is still in scope
[2m[DEBUG][0m   LIFETIME: Stack address (alloca) passed to sqlite3_open — verify scope safety
[31m[ERROR][0m [HIGH] FFI RISK: correct_usage -> sqlite3_close
[31m[ERROR][0m   Location: ～/OmniScope/corpus/ffi-dense/sqlite_binding.c:111:9
[31m[ERROR][0m   Kind: deallocator
[31m[ERROR][0m   Detail: SQLite3 database connection deallocation
[31m[ERROR][0m   Warning: This function CONSUMES ownership
[33m[WARN][0m   DANGLING RISK: Loading from stack variable and passing to FFI — ensure variable is still in scope
[31m[ERROR][0m [HIGH] FFI RISK: correct_usage -> sqlite3_prepare_v2
[31m[ERROR][0m   Location: ～/OmniScope/corpus/ffi-dense/sqlite_binding.c:117:10
[31m[ERROR][0m   Kind: allocator
[31m[ERROR][0m   Detail: SQLite3 prepared statement allocation
[31m[ERROR][0m   Warning: This function TRANSFERS ownership
[31m[ERROR][0m   Warning: Result requires NULL check
[33m[WARN][0m   CONTRACT VIOLATION: sqlite3_prepare returns nullable pointer but no NULL check detected
[33m[WARN][0m   Risk: NULL pointer dereference / crash
[2m[DEBUG][0m   LIFETIME: Return value -> heap-allocated (caller owns, must free)
[33m[WARN][0m   DANGLING RISK: Loading from stack variable and passing to FFI — ensure variable is still in scope
[33m[WARN][0m   DANGLING RISK: Loading from stack variable and passing to FFI — ensure variable is still in scope
[2m[DEBUG][0m   LIFETIME: Stack address (alloca) passed to sqlite3_prepare_v2 — verify scope safety
[2m[DEBUG][0m   LIFETIME: NULL passed as param 4 to sqlite3_prepare_v2 — verify intent
[31m[ERROR][0m [HIGH] FFI RISK: correct_usage -> sqlite3_close
[31m[ERROR][0m   Location: ～/OmniScope/corpus/ffi-dense/sqlite_binding.c:119:9
[31m[ERROR][0m   Kind: deallocator
[31m[ERROR][0m   Detail: SQLite3 database connection deallocation
[31m[ERROR][0m   Warning: This function CONSUMES ownership
[33m[WARN][0m   DANGLING RISK: Loading from stack variable and passing to FFI — ensure variable is still in scope
[2m[DEBUG][0m [SUPPRESSED] RISKY LIBC CALL in intentional function: correct_usage -> printf
[31m[ERROR][0m [HIGH] FFI RISK: correct_usage -> sqlite3_finalize
[31m[ERROR][0m   Location: ～/OmniScope/corpus/ffi-dense/sqlite_binding.c:128:5
[31m[ERROR][0m   Kind: deallocator
[31m[ERROR][0m   Detail: SQLite3 prepared statement deallocation
[31m[ERROR][0m   Warning: This function CONSUMES ownership
[33m[WARN][0m   DANGLING RISK: Loading from stack variable and passing to FFI — ensure variable is still in scope
[31m[ERROR][0m [HIGH] FFI RISK: correct_usage -> sqlite3_close
[31m[ERROR][0m   Location: ～/OmniScope/corpus/ffi-dense/sqlite_binding.c:129:5
[31m[ERROR][0m   Kind: deallocator
[31m[ERROR][0m   Detail: SQLite3 database connection deallocation
[31m[ERROR][0m   Warning: This function CONSUMES ownership
[33m[WARN][0m   DANGLING RISK: Loading from stack variable and passing to FFI — ensure variable is still in scope
[2m[DEBUG][0m ANALYZE [USER]: main
[31m[ERROR][0m [HIGH] FFI RISK: main -> sqlite3_open
[31m[ERROR][0m   Location: ～/OmniScope/corpus/ffi-dense/sqlite_binding.c:135:5
[31m[ERROR][0m   Kind: allocator
[31m[ERROR][0m   Detail: SQLite3 database connection allocation
[31m[ERROR][0m   Warning: This function TRANSFERS ownership
[31m[ERROR][0m   Warning: Result requires NULL check
[33m[WARN][0m   CONTRACT VIOLATION: sqlite3_open returns nullable pointer but no NULL check detected
[33m[WARN][0m   Risk: NULL pointer dereference / crash
[33m[WARN][0m   CONTRACT WARNING: sqlite3_open transfers ownership but result may be discarded (leak risk)
[2m[DEBUG][0m   LIFETIME: Return value -> heap-allocated (caller owns, must free)
[2m[DEBUG][0m   LIFETIME: Stack address (alloca) passed to sqlite3_open — verify scope safety
[31m[ERROR][0m [HIGH] FFI RISK: main -> sqlite3_close
[31m[ERROR][0m   Location: ～/OmniScope/corpus/ffi-dense/sqlite_binding.c:148:5
[31m[ERROR][0m   Kind: deallocator
[31m[ERROR][0m   Detail: SQLite3 database connection deallocation
[31m[ERROR][0m   Warning: This function CONSUMES ownership
[33m[WARN][0m   DANGLING RISK: Loading from stack variable and passing to FFI — ensure variable is still in scope
[32m[INFO][0m FFI Analysis Summary:
[32m[INFO][0m   Functions analyzed: 24
[32m[INFO][0m   FFI Boundaries: 26
[32m[INFO][0m     - Cross-language: 0
[32m[INFO][0m     - External unknown: 26
[32m[INFO][0m     - LibC calls: 3
[31m[ERROR][0m   Dangerous calls: 17
[32m[INFO][0m   Semantic Registry: 166 functions known
[33m[WARN][0m MEMORY LEAK [MEDIUM]: Memory allocated but never freed in leak_database_open
[33m[WARN][0m MEMORY LEAK [MEDIUM]: Memory allocated but never freed in leak_statement
[33m[WARN][0m MEMORY LEAK [MEDIUM]: Memory allocated but never freed in bind_dangling_pointer
[33m[WARN][0m MEMORY LEAK [MEDIUM]: Memory allocated but never freed in get_user_name_dangling
[32m[INFO][0m PointerOwnership: Found 4 memory leaks (formalized as issues)
[32m[INFO][0m PointerOwnership: Found 8 allocations, 8 frees, 8 tracked pointers
[32m[INFO][0m PointerOwnership: No cross-language ownership violations detected
[32m[INFO][0m   (Checks for Rust-alloc/C-free or C-alloc/Rust-free mismatches)
[32m[INFO][0m PointerOwnership: Memory pool stats - allocated: 8, reused: 0, in_use: 8

[36m═══════════════════════════════════════════════════════════════[0m
[1mZone Classification Summary[0m
[36m═══════════════════════════════════════════════════════════════[0m

  Total functions analyzed:    8
  Safe zone (skipped):         0 (0.0%)
  Runtime internal (skipped):  0
  Unsafe zone (analyzed):      0
  FFI zone (analyzed):         0
  Unknown zone:                8

[32m  Escape zone functions:       0 (0.0% of total)[0m
[33m  Issues found:                4[0m

[36m═══════════════════════════════════════════════════════════════[0m


=== Performance Profile Report ===

Operation                           Calls   Total (ms)     Avg (us)     Max (us)
--------------------------------------------------------------------------------
init                                    1         3.66      3655.29      3655.29
detect                                  2         1.09       546.31       569.79
total                                   1         3.66      3662.25      3662.25
analysis                                1         3.09      3094.13      3094.13
[32m[INFO][0m PointerOwnership: 4 ops, 11.50ms total
[32m[INFO][0m FFIUnsafe: Analyzed 26 boundaries, found 0 issues
[INFO] Analysis complete

[INFO] Functions processed: 24

[INFO] Facts generated: 16

[INFO] Report saved to: ～/OmniScope/outputs/audit/sqlite_binding.json

