[INFO] === OmniScope IR Analysis ===

[INFO] File: ～/OmniScope/corpus/large/output/stress_patterns.ll


[DEBUG] Loading file: ～/OmniScope/corpus/large/output/stress_patterns.ll
[INFO] Loaded: 79 functions


[2m[DEBUG][0m ANALYZE [USER]: _Z12cpp_rust_mismatchv
[31m[ERROR][0m [HIGH] RISKY LIBC CALL: _Z12cpp_rust_mismatchv -> free
[31m[ERROR][0m   Location: ～/OmniScope/corpus/large/stress_patterns.c:59:9
[31m[ERROR][0m   Kind: deallocator
[31m[ERROR][0m   Detail: Free memory - consumes ownership, cross-language mismatch risk
[31m[ERROR][0m   Warning: This function CONSUMES ownership
[2m[DEBUG][0m ANALYZE [USER]: _RZN12rust_c_mismatch17hba3a1b2c3d4e5f6g
[31m[ERROR][0m [MEDIUM] RISKY LIBC CALL: _RZN12rust_c_mismatch17hba3a1b2c3d4e5f6g -> malloc
[31m[ERROR][0m   Location: ～/OmniScope/corpus/large/stress_patterns.c:65:17
[31m[ERROR][0m   Kind: allocator
[31m[ERROR][0m   Detail: Allocate memory - returns ownership, check for null
[31m[ERROR][0m   Warning: This function TRANSFERS ownership
[31m[ERROR][0m   Warning: Result requires NULL check
[2m[DEBUG][0m ANALYZE [USER]: zig_allocImpl_c_mismatch
[31m[ERROR][0m [MEDIUM] RISKY LIBC CALL: zig_allocImpl_c_mismatch -> malloc
[31m[ERROR][0m   Location: ～/OmniScope/corpus/large/stress_patterns.c:74:17
[31m[ERROR][0m   Kind: allocator
[31m[ERROR][0m   Detail: Allocate memory - returns ownership, check for null
[31m[ERROR][0m   Warning: This function TRANSFERS ownership
[31m[ERROR][0m   Warning: Result requires NULL check
[2m[DEBUG][0m ZIG-SKIP: zig_allocImpl_c_mismatch -> zig_allocator_freeImpl (internal function)
[2m[DEBUG][0m ANALYZE [USER]: c_zig_mismatch
[31m[ERROR][0m [HIGH] RISKY LIBC CALL: c_zig_mismatch -> free
[31m[ERROR][0m   Location: ～/OmniScope/corpus/large/stress_patterns.c:87:9
[31m[ERROR][0m   Kind: deallocator
[31m[ERROR][0m   Detail: Free memory - consumes ownership, cross-language mismatch risk
[31m[ERROR][0m   Warning: This function CONSUMES ownership
[2m[DEBUG][0m ANALYZE [USER]: ffi_alloc_01
[2m[DEBUG][0m ANALYZE [USER]: ffi_alloc_02
[2m[DEBUG][0m ANALYZE [USER]: ffi_alloc_03
[2m[DEBUG][0m ANALYZE [USER]: ffi_alloc_04
[2m[DEBUG][0m ANALYZE [USER]: ffi_alloc_05
[2m[DEBUG][0m ANALYZE [USER]: ffi_alloc_06
[2m[DEBUG][0m ANALYZE [USER]: ffi_alloc_07
[2m[DEBUG][0m ANALYZE [USER]: ffi_alloc_08
[2m[DEBUG][0m ANALYZE [USER]: ffi_alloc_09
[2m[DEBUG][0m ANALYZE [USER]: ffi_alloc_10
[2m[DEBUG][0m ANALYZE [USER]: ffi_alloc_11
[2m[DEBUG][0m ANALYZE [USER]: ffi_alloc_12
[2m[DEBUG][0m ANALYZE [USER]: ffi_alloc_13
[2m[DEBUG][0m ANALYZE [USER]: ffi_alloc_14
[2m[DEBUG][0m ANALYZE [USER]: ffi_alloc_15
[2m[DEBUG][0m ANALYZE [USER]: ffi_alloc_16
[2m[DEBUG][0m ANALYZE [USER]: ffi_alloc_17
[2m[DEBUG][0m ANALYZE [USER]: ffi_alloc_18
[2m[DEBUG][0m ANALYZE [USER]: ffi_alloc_19
[2m[DEBUG][0m ANALYZE [USER]: ffi_alloc_20
[2m[DEBUG][0m ANALYZE [USER]: ffi_mismatch_01
[31m[ERROR][0m [MEDIUM] RISKY LIBC CALL: ffi_mismatch_01 -> malloc
[31m[ERROR][0m   Location: ～/OmniScope/corpus/large/stress_patterns.c:107:1
[31m[ERROR][0m   Kind: allocator
[31m[ERROR][0m   Detail: Allocate memory - returns ownership, check for null
[31m[ERROR][0m   Warning: This function TRANSFERS ownership
[31m[ERROR][0m   Warning: Result requires NULL check
[2m[DEBUG][0m ANALYZE [USER]: ffi_mismatch_02
[31m[ERROR][0m [MEDIUM] RISKY LIBC CALL: ffi_mismatch_02 -> malloc
[31m[ERROR][0m   Location: ～/OmniScope/corpus/large/stress_patterns.c:107:27
[31m[ERROR][0m   Kind: allocator
[31m[ERROR][0m   Detail: Allocate memory - returns ownership, check for null
[31m[ERROR][0m   Warning: This function TRANSFERS ownership
[31m[ERROR][0m   Warning: Result requires NULL check
[2m[DEBUG][0m ANALYZE [USER]: ffi_mismatch_03
[31m[ERROR][0m [MEDIUM] RISKY LIBC CALL: ffi_mismatch_03 -> malloc
[31m[ERROR][0m   Location: ～/OmniScope/corpus/large/stress_patterns.c:107:53
[31m[ERROR][0m   Kind: allocator
[31m[ERROR][0m   Detail: Allocate memory - returns ownership, check for null
[31m[ERROR][0m   Warning: This function TRANSFERS ownership
[31m[ERROR][0m   Warning: Result requires NULL check
[2m[DEBUG][0m ANALYZE [USER]: ffi_mismatch_04
[31m[ERROR][0m [MEDIUM] RISKY LIBC CALL: ffi_mismatch_04 -> malloc
[31m[ERROR][0m   Location: ～/OmniScope/corpus/large/stress_patterns.c:107:79
[31m[ERROR][0m   Kind: allocator
[31m[ERROR][0m   Detail: Allocate memory - returns ownership, check for null
[31m[ERROR][0m   Warning: This function TRANSFERS ownership
[31m[ERROR][0m   Warning: Result requires NULL check
[2m[DEBUG][0m ANALYZE [USER]: ffi_mismatch_05
[31m[ERROR][0m [MEDIUM] RISKY LIBC CALL: ffi_mismatch_05 -> malloc
[31m[ERROR][0m   Location: ～/OmniScope/corpus/large/stress_patterns.c:107:105
[31m[ERROR][0m   Kind: allocator
[31m[ERROR][0m   Detail: Allocate memory - returns ownership, check for null
[31m[ERROR][0m   Warning: This function TRANSFERS ownership
[31m[ERROR][0m   Warning: Result requires NULL check
[2m[DEBUG][0m ANALYZE [USER]: ffi_mismatch_06
[31m[ERROR][0m [MEDIUM] RISKY LIBC CALL: ffi_mismatch_06 -> malloc
[31m[ERROR][0m   Location: ～/OmniScope/corpus/large/stress_patterns.c:108:1
[31m[ERROR][0m   Kind: allocator
[31m[ERROR][0m   Detail: Allocate memory - returns ownership, check for null
[31m[ERROR][0m   Warning: This function TRANSFERS ownership
[31m[ERROR][0m   Warning: Result requires NULL check
[2m[DEBUG][0m ANALYZE [USER]: ffi_mismatch_07
[31m[ERROR][0m [MEDIUM] RISKY LIBC CALL: ffi_mismatch_07 -> malloc
[31m[ERROR][0m   Location: ～/OmniScope/corpus/large/stress_patterns.c:108:27
[31m[ERROR][0m   Kind: allocator
[31m[ERROR][0m   Detail: Allocate memory - returns ownership, check for null
[31m[ERROR][0m   Warning: This function TRANSFERS ownership
[31m[ERROR][0m   Warning: Result requires NULL check
[2m[DEBUG][0m ANALYZE [USER]: ffi_mismatch_08
[31m[ERROR][0m [MEDIUM] RISKY LIBC CALL: ffi_mismatch_08 -> malloc
[31m[ERROR][0m   Location: ～/OmniScope/corpus/large/stress_patterns.c:108:53
[31m[ERROR][0m   Kind: allocator
[31m[ERROR][0m   Detail: Allocate memory - returns ownership, check for null
[31m[ERROR][0m   Warning: This function TRANSFERS ownership
[31m[ERROR][0m   Warning: Result requires NULL check
[2m[DEBUG][0m ANALYZE [USER]: ffi_mismatch_09
[31m[ERROR][0m [MEDIUM] RISKY LIBC CALL: ffi_mismatch_09 -> malloc
[31m[ERROR][0m   Location: ～/OmniScope/corpus/large/stress_patterns.c:108:79
[31m[ERROR][0m   Kind: allocator
[31m[ERROR][0m   Detail: Allocate memory - returns ownership, check for null
[31m[ERROR][0m   Warning: This function TRANSFERS ownership
[31m[ERROR][0m   Warning: Result requires NULL check
[2m[DEBUG][0m ANALYZE [USER]: ffi_mismatch_10
[31m[ERROR][0m [MEDIUM] RISKY LIBC CALL: ffi_mismatch_10 -> malloc
[31m[ERROR][0m   Location: ～/OmniScope/corpus/large/stress_patterns.c:108:105
[31m[ERROR][0m   Kind: allocator
[31m[ERROR][0m   Detail: Allocate memory - returns ownership, check for null
[31m[ERROR][0m   Warning: This function TRANSFERS ownership
[31m[ERROR][0m   Warning: Result requires NULL check
[2m[DEBUG][0m ANALYZE [USER]: ffi_mismatch_11
[31m[ERROR][0m [MEDIUM] RISKY LIBC CALL: ffi_mismatch_11 -> malloc
[31m[ERROR][0m   Location: ～/OmniScope/corpus/large/stress_patterns.c:109:1
[31m[ERROR][0m   Kind: allocator
[31m[ERROR][0m   Detail: Allocate memory - returns ownership, check for null
[31m[ERROR][0m   Warning: This function TRANSFERS ownership
[31m[ERROR][0m   Warning: Result requires NULL check
[2m[DEBUG][0m ANALYZE [USER]: ffi_mismatch_12
[31m[ERROR][0m [MEDIUM] RISKY LIBC CALL: ffi_mismatch_12 -> malloc
[31m[ERROR][0m   Location: ～/OmniScope/corpus/large/stress_patterns.c:109:27
[31m[ERROR][0m   Kind: allocator
[31m[ERROR][0m   Detail: Allocate memory - returns ownership, check for null
[31m[ERROR][0m   Warning: This function TRANSFERS ownership
[31m[ERROR][0m   Warning: Result requires NULL check
[2m[DEBUG][0m ANALYZE [USER]: ffi_mismatch_13
[31m[ERROR][0m [MEDIUM] RISKY LIBC CALL: ffi_mismatch_13 -> malloc
[31m[ERROR][0m   Location: ～/OmniScope/corpus/large/stress_patterns.c:109:53
[31m[ERROR][0m   Kind: allocator
[31m[ERROR][0m   Detail: Allocate memory - returns ownership, check for null
[31m[ERROR][0m   Warning: This function TRANSFERS ownership
[31m[ERROR][0m   Warning: Result requires NULL check
[2m[DEBUG][0m ANALYZE [USER]: ffi_mismatch_14
[31m[ERROR][0m [MEDIUM] RISKY LIBC CALL: ffi_mismatch_14 -> malloc
[31m[ERROR][0m   Location: ～/OmniScope/corpus/large/stress_patterns.c:109:79
[31m[ERROR][0m   Kind: allocator
[31m[ERROR][0m   Detail: Allocate memory - returns ownership, check for null
[31m[ERROR][0m   Warning: This function TRANSFERS ownership
[31m[ERROR][0m   Warning: Result requires NULL check
[2m[DEBUG][0m ANALYZE [USER]: ffi_mismatch_15
[31m[ERROR][0m [MEDIUM] RISKY LIBC CALL: ffi_mismatch_15 -> malloc
[31m[ERROR][0m   Location: ～/OmniScope/corpus/large/stress_patterns.c:109:105
[31m[ERROR][0m   Kind: allocator
[31m[ERROR][0m   Detail: Allocate memory - returns ownership, check for null
[31m[ERROR][0m   Warning: This function TRANSFERS ownership
[31m[ERROR][0m   Warning: Result requires NULL check
[2m[DEBUG][0m ANALYZE [USER]: ffi_mismatch_16
[31m[ERROR][0m [MEDIUM] RISKY LIBC CALL: ffi_mismatch_16 -> malloc
[31m[ERROR][0m   Location: ～/OmniScope/corpus/large/stress_patterns.c:110:1
[31m[ERROR][0m   Kind: allocator
[31m[ERROR][0m   Detail: Allocate memory - returns ownership, check for null
[31m[ERROR][0m   Warning: This function TRANSFERS ownership
[31m[ERROR][0m   Warning: Result requires NULL check
[2m[DEBUG][0m ANALYZE [USER]: ffi_mismatch_17
[31m[ERROR][0m [MEDIUM] RISKY LIBC CALL: ffi_mismatch_17 -> malloc
[31m[ERROR][0m   Location: ～/OmniScope/corpus/large/stress_patterns.c:110:27
[31m[ERROR][0m   Kind: allocator
[31m[ERROR][0m   Detail: Allocate memory - returns ownership, check for null
[31m[ERROR][0m   Warning: This function TRANSFERS ownership
[31m[ERROR][0m   Warning: Result requires NULL check
[2m[DEBUG][0m ANALYZE [USER]: ffi_mismatch_18
[31m[ERROR][0m [MEDIUM] RISKY LIBC CALL: ffi_mismatch_18 -> malloc
[31m[ERROR][0m   Location: ～/OmniScope/corpus/large/stress_patterns.c:110:53
[31m[ERROR][0m   Kind: allocator
[31m[ERROR][0m   Detail: Allocate memory - returns ownership, check for null
[31m[ERROR][0m   Warning: This function TRANSFERS ownership
[31m[ERROR][0m   Warning: Result requires NULL check
[2m[DEBUG][0m ANALYZE [USER]: ffi_mismatch_19
[31m[ERROR][0m [MEDIUM] RISKY LIBC CALL: ffi_mismatch_19 -> malloc
[31m[ERROR][0m   Location: ～/OmniScope/corpus/large/stress_patterns.c:110:79
[31m[ERROR][0m   Kind: allocator
[31m[ERROR][0m   Detail: Allocate memory - returns ownership, check for null
[31m[ERROR][0m   Warning: This function TRANSFERS ownership
[31m[ERROR][0m   Warning: Result requires NULL check
[2m[DEBUG][0m ANALYZE [USER]: ffi_mismatch_20
[31m[ERROR][0m [MEDIUM] RISKY LIBC CALL: ffi_mismatch_20 -> malloc
[31m[ERROR][0m   Location: ～/OmniScope/corpus/large/stress_patterns.c:110:105
[31m[ERROR][0m   Kind: allocator
[31m[ERROR][0m   Detail: Allocate memory - returns ownership, check for null
[31m[ERROR][0m   Warning: This function TRANSFERS ownership
[31m[ERROR][0m   Warning: Result requires NULL check
[2m[DEBUG][0m ANALYZE [USER]: ffi_chain_01
[2m[DEBUG][0m ANALYZE [USER]: ffi_chain_02
[2m[DEBUG][0m ANALYZE [USER]: ffi_chain_03
[2m[DEBUG][0m ANALYZE [USER]: ffi_chain_04
[2m[DEBUG][0m ANALYZE [USER]: ffi_chain_05
[2m[DEBUG][0m ANALYZE [USER]: ffi_chain_06
[2m[DEBUG][0m ANALYZE [USER]: ffi_chain_07
[2m[DEBUG][0m ANALYZE [USER]: ffi_chain_08
[2m[DEBUG][0m ANALYZE [USER]: ffi_chain_09
[2m[DEBUG][0m ANALYZE [USER]: ffi_chain_10
[2m[DEBUG][0m ANALYZE [USER]: ffi_chain_11
[2m[DEBUG][0m ANALYZE [USER]: ffi_chain_12
[2m[DEBUG][0m ANALYZE [USER]: ffi_chain_13
[2m[DEBUG][0m ANALYZE [USER]: ffi_chain_14
[2m[DEBUG][0m ANALYZE [USER]: ffi_chain_15
[2m[DEBUG][0m ANALYZE [USER]: ffi_chain_16
[2m[DEBUG][0m ANALYZE [USER]: ffi_chain_17
[2m[DEBUG][0m ANALYZE [USER]: ffi_chain_18
[2m[DEBUG][0m ANALYZE [USER]: ffi_chain_19
[2m[DEBUG][0m ANALYZE [USER]: ffi_chain_20
[2m[DEBUG][0m ANALYZE [USER]: create_ffi_bundle
[31m[ERROR][0m [MEDIUM] RISKY LIBC CALL: create_ffi_bundle -> malloc
[31m[ERROR][0m   Location: ～/OmniScope/corpus/large/stress_patterns.c:126:51
[31m[ERROR][0m   Kind: allocator
[31m[ERROR][0m   Detail: Allocate memory - returns ownership, check for null
[31m[ERROR][0m   Warning: This function TRANSFERS ownership
[31m[ERROR][0m   Warning: Result requires NULL check
[31m[ERROR][0m [MEDIUM] RISKY LIBC CALL: create_ffi_bundle -> malloc
[31m[ERROR][0m   Location: ～/OmniScope/corpus/large/stress_patterns.c:132:21
[31m[ERROR][0m   Kind: allocator
[31m[ERROR][0m   Detail: Allocate memory - returns ownership, check for null
[31m[ERROR][0m   Warning: This function TRANSFERS ownership
[31m[ERROR][0m   Warning: Result requires NULL check
[31m[ERROR][0m [HIGH] RISKY LIBC CALL: create_ffi_bundle -> free
[31m[ERROR][0m   Location: ～/OmniScope/corpus/large/stress_patterns.c:140:28
[31m[ERROR][0m   Kind: deallocator
[31m[ERROR][0m   Detail: Free memory - consumes ownership, cross-language mismatch risk
[31m[ERROR][0m   Warning: This function CONSUMES ownership
[2m[DEBUG][0m ANALYZE [USER]: cross_lang_transfer
[2m[DEBUG][0m ANALYZE [USER]: recursive_ffi_alloc
[2m[DEBUG][0m ANALYZE [USER]: loop_ffi_alloc
[2m[DEBUG][0m ANALYZE [USER]: create_complex_ffi_struct
[31m[ERROR][0m [MEDIUM] RISKY LIBC CALL: create_complex_ffi_struct -> malloc
[31m[ERROR][0m   Location: ～/OmniScope/corpus/large/stress_patterns.c:184:48
[31m[ERROR][0m   Kind: allocator
[31m[ERROR][0m   Detail: Allocate memory - returns ownership, check for null
[31m[ERROR][0m   Warning: This function TRANSFERS ownership
[31m[ERROR][0m   Warning: Result requires NULL check
[31m[ERROR][0m [MEDIUM] RISKY LIBC CALL: create_complex_ffi_struct -> malloc
[31m[ERROR][0m   Location: ～/OmniScope/corpus/large/stress_patterns.c:188:24
[31m[ERROR][0m   Kind: allocator
[31m[ERROR][0m   Detail: Allocate memory - returns ownership, check for null
[31m[ERROR][0m   Warning: This function TRANSFERS ownership
[31m[ERROR][0m   Warning: Result requires NULL check
[31m[ERROR][0m [MEDIUM] RISKY LIBC CALL: create_complex_ffi_struct -> malloc
[31m[ERROR][0m   Location: ～/OmniScope/corpus/large/stress_patterns.c:189:30
[31m[ERROR][0m   Kind: allocator
[31m[ERROR][0m   Detail: Allocate memory - returns ownership, check for null
[31m[ERROR][0m   Warning: This function TRANSFERS ownership
[31m[ERROR][0m   Warning: Result requires NULL check
[31m[ERROR][0m [HIGH] RISKY LIBC CALL: create_complex_ffi_struct -> free
[31m[ERROR][0m   Location: ～/OmniScope/corpus/large/stress_patterns.c:199:24
[31m[ERROR][0m   Kind: deallocator
[31m[ERROR][0m   Detail: Free memory - consumes ownership, cross-language mismatch risk
[31m[ERROR][0m   Warning: This function CONSUMES ownership
[31m[ERROR][0m [HIGH] RISKY LIBC CALL: create_complex_ffi_struct -> free
[31m[ERROR][0m   Location: ～/OmniScope/corpus/large/stress_patterns.c:200:29
[31m[ERROR][0m   Kind: deallocator
[31m[ERROR][0m   Detail: Free memory - consumes ownership, cross-language mismatch risk
[31m[ERROR][0m   Warning: This function CONSUMES ownership
[2m[DEBUG][0m ANALYZE [USER]: ffi_boundary_stress
[2m[DEBUG][0m ANALYZE [USER]: main
[32m[INFO][0m FFI Analysis Summary:
[32m[INFO][0m   Functions analyzed: 79
[32m[INFO][0m   FFI Boundaries: 122
[32m[INFO][0m     - Cross-language: 30
[32m[INFO][0m     - External unknown: 92
[32m[INFO][0m     - LibC calls: 32
[31m[ERROR][0m   Dangerous calls: 32
[32m[INFO][0m   Semantic Registry: 166 functions known
[2m[DEBUG][0m ZONE-SKIP: _RZN12rust_c_mismatch17hba3a1b2c3d4e5f6g is safe zone — language guarantees apply
[33m[WARN][0m MEMORY LEAK [MEDIUM]: Memory allocated but never freed in ffi_mismatch_06
[33m[WARN][0m MEMORY LEAK [MEDIUM]: Memory allocated but never freed in ffi_mismatch_12
[33m[WARN][0m MEMORY LEAK [MEDIUM]: Memory allocated but never freed in ffi_mismatch_10
[33m[WARN][0m MEMORY LEAK [MEDIUM]: Memory allocated but never freed in ffi_mismatch_13
[33m[WARN][0m MEMORY LEAK [MEDIUM]: Memory allocated but never freed in ffi_mismatch_18
[33m[WARN][0m MEMORY LEAK [MEDIUM]: Memory allocated but never freed in ffi_mismatch_02
[33m[WARN][0m MEMORY LEAK [MEDIUM]: Memory allocated but never freed in ffi_mismatch_07
[33m[WARN][0m MEMORY LEAK [MEDIUM]: Memory allocated but never freed in ffi_mismatch_20
[33m[WARN][0m MEMORY LEAK [MEDIUM]: Memory allocated but never freed in ffi_mismatch_04
[33m[WARN][0m MEMORY LEAK [MEDIUM]: Memory allocated but never freed in ffi_mismatch_14
[33m[WARN][0m MEMORY LEAK [MEDIUM]: Memory allocated but never freed in ffi_mismatch_15
[33m[WARN][0m MEMORY LEAK [MEDIUM]: Memory allocated but never freed in create_complex_ffi_struct
[33m[WARN][0m MEMORY LEAK [MEDIUM]: Memory allocated but never freed in ffi_mismatch_05
[33m[WARN][0m MEMORY LEAK [MEDIUM]: Memory allocated but never freed in ffi_mismatch_08
[33m[WARN][0m MEMORY LEAK [MEDIUM]: Memory allocated but never freed in ffi_mismatch_11
[33m[WARN][0m MEMORY LEAK [MEDIUM]: Memory allocated but never freed in ffi_mismatch_03
[33m[WARN][0m MEMORY LEAK [MEDIUM]: Memory allocated but never freed in zig_allocImpl_c_mismatch
[33m[WARN][0m MEMORY LEAK [MEDIUM]: Memory allocated but never freed in ffi_mismatch_19
[33m[WARN][0m MEMORY LEAK [MEDIUM]: Memory allocated but never freed in ffi_mismatch_17
[33m[WARN][0m MEMORY LEAK [MEDIUM]: Memory allocated but never freed in ffi_mismatch_16
[33m[WARN][0m MEMORY LEAK [MEDIUM]: Memory allocated but never freed in ffi_mismatch_01
[33m[WARN][0m MEMORY LEAK [MEDIUM]: Memory allocated but never freed in create_ffi_bundle
[33m[WARN][0m MEMORY LEAK [MEDIUM]: Memory allocated but never freed in ffi_mismatch_09
[32m[INFO][0m PointerOwnership: Found 23 memory leaks (formalized as issues)
[32m[INFO][0m PointerOwnership: Found 26 allocations, 26 frees, 26 tracked pointers
[32m[INFO][0m PointerOwnership: No cross-language ownership violations detected
[32m[INFO][0m   (Checks for Rust-alloc/C-free or C-alloc/Rust-free mismatches)
[32m[INFO][0m PointerOwnership: Memory pool stats - allocated: 26, reused: 0, in_use: 26

[36m═══════════════════════════════════════════════════════════════[0m
[1mZone Classification Summary[0m
[36m═══════════════════════════════════════════════════════════════[0m

  Total functions analyzed:    71
  Safe zone (skipped):         1 (1.4%)
  Runtime internal (skipped):  0
  Unsafe zone (analyzed):      0
  FFI zone (analyzed):         0
  Unknown zone:                70

[32m  Escape zone functions:       0 (0.0% of total)[0m
[33m  Issues found:                23[0m

[36m═══════════════════════════════════════════════════════════════[0m


=== Performance Profile Report ===

Operation                           Calls   Total (ms)     Avg (us)     Max (us)
--------------------------------------------------------------------------------
init                                    1        29.67     29673.08     29673.08
detect                                  2        14.80      7397.87      7418.58
total                                   1        29.68     29682.79     29682.79
analysis                                1        28.51     28509.17     28509.17
[32m[INFO][0m PointerOwnership: 4 ops, 102.66ms total
[32m[INFO][0m FFIUnsafe: Analyzed 122 boundaries, found 0 issues
[INFO] Analysis complete

[INFO] Functions processed: 79

[INFO] Facts generated: 52

[INFO] Report saved to: ～/OmniScope/outputs/audit/stress_patterns.json

