[INFO] === OmniScope IR Analysis ===

[INFO] File: /Users/scc/code/zigcode/OmniScope/corpus/real_world/other/curl8.ll


[DEBUG] Loading file: /Users/scc/code/zigcode/OmniScope/corpus/real_world/other/curl8.ll
[INFO] Loaded: 1245 functions


[2m[DEBUG][0m ANALYZE [USER]: Curl_alpnid2str
[2m[DEBUG][0m ANALYZE [USER]: Curl_altsvc_init
[2m[DEBUG][0m ANALYZE [USER]: Curl_altsvc_load
[2m[DEBUG][0m ANALYZE [USER]: altsvc_load
[31m[ERROR][0m [MEDIUM] FFI RISK: altsvc_load -> fclose
[31m[ERROR][0m   Location: /tmp/curl-8.14.0/lib/altsvc.c:242:5
[31m[ERROR][0m   Kind: file_io
[31m[ERROR][0m   Detail: Close file - consumes ownership
[31m[ERROR][0m   Warning: This function CONSUMES ownership
[33m[WARN][0m   DANGLING RISK: Loading from stack variable and passing to FFI — ensure variable is still in scope
[2m[DEBUG][0m ANALYZE [USER]: altsvc_add
[2m[DEBUG][0m ANALYZE [USER]: altsvc_create
[2m[DEBUG][0m ANALYZE [USER]: altsvc_createid
[2m[DEBUG][0m ANALYZE [USER]: altsvc_free
[2m[DEBUG][0m ANALYZE [USER]: Curl_altsvc_ctrl
[2m[DEBUG][0m ANALYZE [USER]: Curl_altsvc_cleanup
[2m[DEBUG][0m ANALYZE [USER]: Curl_altsvc_save
[31m[ERROR][0m [MEDIUM] FFI RISK: Curl_altsvc_save -> fclose
[31m[ERROR][0m   Location: /tmp/curl-8.14.0/lib/altsvc.c:395:5
[31m[ERROR][0m   Kind: file_io
[31m[ERROR][0m   Detail: Close file - consumes ownership
[31m[ERROR][0m   Warning: This function CONSUMES ownership
[33m[WARN][0m   DANGLING RISK: Loading from stack variable and passing to FFI — ensure variable is still in scope
[2m[DEBUG][0m ANALYZE [USER]: altsvc_out
[31m[ERROR][0m [MEDIUM] FFI RISK: altsvc_out -> fprintf
[31m[ERROR][0m   Location: /tmp/curl-8.14.0/lib/altsvc.c:274:3
[31m[ERROR][0m   Kind: format_string
[31m[ERROR][0m   Detail: Print formatted - format string vulnerability if user-controlled
[33m[WARN][0m   DANGLING RISK: Loading from stack variable and passing to FFI — ensure variable is still in scope
[33m[WARN][0m   DANGLING RISK: Loading from stack variable and passing to FFI — ensure variable is still in scope
[33m[WARN][0m   DANGLING RISK: Loading from stack variable and passing to FFI — ensure variable is still in scope
[33m[WARN][0m   DANGLING RISK: Loading from stack variable and passing to FFI — ensure variable is still in scope
[33m[WARN][0m   DANGLING RISK: Loading from stack variable and passing to FFI — ensure variable is still in scope
[2m[DEBUG][0m ANALYZE [USER]: Curl_altsvc_parse
[2m[DEBUG][0m ANALYZE [USER]: altsvc_flush
[2m[DEBUG][0m ANALYZE [USER]: hostcompare
[2m[DEBUG][0m ANALYZE [USER]: Curl_altsvc_lookup
[2m[DEBUG][0m ANALYZE [USER]: Curl_async_shutdown
[2m[DEBUG][0m ANALYZE [USER]: Curl_async_destroy
[2m[DEBUG][0m ANALYZE [USER]: Curl_bufcp_init
[2m[DEBUG][0m ANALYZE [USER]: Curl_bufcp_free
[2m[DEBUG][0m ANALYZE [USER]: chunk_list_free
[2m[DEBUG][0m ANALYZE [USER]: Curl_bufq_init2
[2m[DEBUG][0m ANALYZE [USER]: bufq_init
[2m[DEBUG][0m ANALYZE [USER]: Curl_bufq_init
[2m[DEBUG][0m ANALYZE [USER]: Curl_bufq_initp
[2m[DEBUG][0m ANALYZE [USER]: Curl_bufq_free
[2m[DEBUG][0m ANALYZE [USER]: Curl_bufq_reset
[2m[DEBUG][0m ANALYZE [USER]: Curl_bufq_len
[2m[DEBUG][0m ANALYZE [USER]: chunk_len
[2m[DEBUG][0m ANALYZE [USER]: Curl_bufq_is_empty
[2m[DEBUG][0m ANALYZE [USER]: chunk_is_empty
[2m[DEBUG][0m ANALYZE [USER]: Curl_bufq_is_full
[2m[DEBUG][0m ANALYZE [USER]: chunk_is_full
[2m[DEBUG][0m ANALYZE [USER]: Curl_bufq_write
[2m[DEBUG][0m ANALYZE [USER]: get_non_full_tail
[2m[DEBUG][0m ANALYZE [USER]: chunk_append
[2m[DEBUG][0m ANALYZE [USER]: get_spare
[2m[DEBUG][0m ANALYZE [USER]: chunk_reset
[2m[DEBUG][0m ANALYZE [USER]: bufcp_take
[2m[DEBUG][0m ANALYZE [USER]: Curl_bufq_cwrite
[2m[DEBUG][0m ANALYZE [USER]: Curl_bufq_unwrite
[2m[DEBUG][0m ANALYZE [USER]: chunk_unwrite
[2m[DEBUG][0m ANALYZE [USER]: prune_tail
[2m[DEBUG][0m ANALYZE [USER]: chunk_prev
[2m[DEBUG][0m ANALYZE [USER]: bufcp_put
[2m[DEBUG][0m ANALYZE [USER]: Curl_bufq_read
[2m[DEBUG][0m ANALYZE [USER]: chunk_read
[2m[DEBUG][0m ANALYZE [USER]: prune_head
[2m[DEBUG][0m ANALYZE [USER]: Curl_bufq_cread
[2m[DEBUG][0m ANALYZE [USER]: Curl_bufq_peek
[2m[DEBUG][0m ANALYZE [USER]: chunk_peek
[2m[DEBUG][0m ANALYZE [USER]: Curl_bufq_peek_at
[2m[DEBUG][0m ANALYZE [USER]: chunk_peek_at
[2m[DEBUG][0m ANALYZE [USER]: Curl_bufq_skip
[2m[DEBUG][0m ANALYZE [USER]: chunk_skip
[2m[DEBUG][0m ANALYZE [USER]: Curl_bufq_pass
[2m[DEBUG][0m ANALYZE [USER]: Curl_bufq_write_pass
[2m[DEBUG][0m ANALYZE [USER]: Curl_bufq_sipn
[2m[DEBUG][0m ANALYZE [USER]: chunk_slurpn
[2m[DEBUG][0m ANALYZE [USER]: Curl_bufq_slurp
[2m[DEBUG][0m ANALYZE [USER]: bufq_slurpn
[2m[DEBUG][0m ANALYZE [USER]: Curl_bufref_init
[2m[DEBUG][0m ANALYZE [USER]: Curl_bufref_free
[2m[DEBUG][0m ANALYZE [USER]: Curl_bufref_set
[2m[DEBUG][0m ANALYZE [USER]: Curl_bufref_ptr
[2m[DEBUG][0m ANALYZE [USER]: Curl_bufref_len
[2m[DEBUG][0m ANALYZE [USER]: Curl_bufref_memdup
[2m[DEBUG][0m ANALYZE [USER]: cf_h1_proxy_destroy
[2m[DEBUG][0m ANALYZE [USER]: cf_h1_proxy_connect
[2m[DEBUG][0m ANALYZE [USER]: cf_h1_proxy_close
[2m[DEBUG][0m ANALYZE [USER]: cf_h1_proxy_adjust_pollset
[2m[DEBUG][0m ANALYZE [USER]: tunnel_want_send
[2m[DEBUG][0m ANALYZE [USER]: h1_tunnel_go_state
[2m[DEBUG][0m ANALYZE [USER]: tunnel_reinit
[2m[DEBUG][0m ANALYZE [USER]: tunnel_init
[2m[DEBUG][0m ANALYZE [USER]: H1_CONNECT
[2m[DEBUG][0m ANALYZE [USER]: tunnel_is_established
[2m[DEBUG][0m ANALYZE [USER]: tunnel_free
[2m[DEBUG][0m ANALYZE [USER]: tunnel_is_failed
[2m[DEBUG][0m ANALYZE [USER]: start_CONNECT
[2m[DEBUG][0m ANALYZE [USER]: send_CONNECT
[2m[DEBUG][0m ANALYZE [USER]: recv_CONNECT_resp
[2m[DEBUG][0m ANALYZE [USER]: on_resp_header
[2m[DEBUG][0m ANALYZE [USER]: Curl_cf_h1_proxy_insert_after
[2m[DEBUG][0m ANALYZE [USER]: cf_haproxy_destroy
[2m[DEBUG][0m ANALYZE [USER]: cf_haproxy_connect
[2m[DEBUG][0m ANALYZE [USER]: cf_haproxy_close
[2m[DEBUG][0m ANALYZE [USER]: cf_haproxy_adjust_pollset
[2m[DEBUG][0m ANALYZE [USER]: cf_haproxy_ctx_reset
[2m[DEBUG][0m ANALYZE [USER]: cf_haproxy_date_out_set
[2m[DEBUG][0m ANALYZE [USER]: cf_haproxy_ctx_free
[2m[DEBUG][0m ANALYZE [USER]: Curl_cf_haproxy_insert_after
[2m[DEBUG][0m ANALYZE [USER]: cf_haproxy_create
[2m[DEBUG][0m ANALYZE [USER]: cf_hc_destroy
[2m[DEBUG][0m ANALYZE [USER]: cf_hc_connect
[2m[DEBUG][0m ANALYZE [USER]: cf_hc_close
[2m[DEBUG][0m ANALYZE [USER]: cf_hc_shutdown
[2m[DEBUG][0m ANALYZE [USER]: cf_hc_adjust_pollset
[2m[DEBUG][0m ANALYZE [USER]: cf_hc_data_pending
[2m[DEBUG][0m ANALYZE [USER]: cf_hc_cntrl
[2m[DEBUG][0m ANALYZE [USER]: cf_hc_query
[2m[DEBUG][0m ANALYZE [USER]: cf_get_max_baller_time
[2m[DEBUG][0m ANALYZE [USER]: cf_hc_baller_needs_flush
[2m[DEBUG][0m ANALYZE [USER]: cf_hc_baller_cntrl
[2m[DEBUG][0m ANALYZE [USER]: cf_hc_baller_data_pending
[2m[DEBUG][0m ANALYZE [USER]: cf_hc_baller_is_active
[2m[DEBUG][0m ANALYZE [USER]: cf_hc_reset
[2m[DEBUG][0m ANALYZE [USER]: cf_hc_baller_reset
[2m[DEBUG][0m ANALYZE [USER]: cf_hc_baller_init
[2m[DEBUG][0m ANALYZE [USER]: cf_hc_baller_connect
[2m[DEBUG][0m ANALYZE [USER]: baller_connected
[2m[DEBUG][0m NOISE-SKIP [COMPILER_GEN]: time_to_start_next
[2m[DEBUG][0m ANALYZE [USER]: cf_hc_baller_has_started
[2m[DEBUG][0m ANALYZE [USER]: cf_hc_baller_reply_ms
[2m[DEBUG][0m ANALYZE [USER]: Curl_cf_https_setup
[2m[DEBUG][0m ANALYZE [USER]: cf_https_alpns_contain
[2m[DEBUG][0m ANALYZE [USER]: cf_http_connect_add
[2m[DEBUG][0m ANALYZE [USER]: cf_hc_create
[2m[DEBUG][0m ANALYZE [USER]: cf_hc_baller_assign
[2m[DEBUG][0m ANALYZE [USER]: cf_socket_destroy
[2m[DEBUG][0m ANALYZE [USER]: cf_tcp_connect
[2m[DEBUG][0m ANALYZE [USER]: cf_socket_close
[2m[DEBUG][0m ANALYZE [USER]: cf_socket_shutdown
[2m[DEBUG][0m ANALYZE [USER]: cf_socket_get_host
[2m[DEBUG][0m ANALYZE [USER]: cf_socket_adjust_pollset
[2m[DEBUG][0m ANALYZE [USER]: cf_socket_data_pending
[2m[DEBUG][0m ANALYZE [USER]: cf_socket_send
[2m[DEBUG][0m ANALYZE [USER]: cf_socket_recv
[2m[DEBUG][0m ANALYZE [USER]: cf_socket_cntrl
[2m[DEBUG][0m ANALYZE [USER]: cf_socket_conn_is_alive
[2m[DEBUG][0m ANALYZE [USER]: cf_socket_query
[2m[DEBUG][0m ANALYZE [USER]: cf_socket_active
[2m[DEBUG][0m ANALYZE [USER]: cf_socket_update_data
[2m[DEBUG][0m ANALYZE [USER]: set_local_ip
[2m[DEBUG][0m ANALYZE [USER]: socket_close
[2m[DEBUG][0m ANALYZE [USER]: cf_socket_open
[2m[DEBUG][0m ANALYZE [USER]: do_connect
[2m[DEBUG][0m ANALYZE [USER]: socket_connect_result
[2m[DEBUG][0m ANALYZE [USER]: verifyconnect
[2m[DEBUG][0m ANALYZE [USER]: socket_open
[31m[ERROR][0m [MEDIUM] FFI RISK: socket_open -> socket
[31m[ERROR][0m   Location: /tmp/curl-8.14.0/lib/cf-socket.c:372:15
[31m[ERROR][0m   Kind: network_io
[31m[ERROR][0m   Detail: Create socket - returns ownership, must close
[31m[ERROR][0m   Warning: This function TRANSFERS ownership
[31m[ERROR][0m   Warning: Result requires NULL check
[33m[WARN][0m   CONTRACT VIOLATION: socket returns nullable pointer but no NULL check detected
[33m[WARN][0m   Risk: NULL pointer dereference / crash
[2m[DEBUG][0m   LIFETIME: Return value -> heap-allocated (caller owns, must free)
[2m[DEBUG][0m ANALYZE [USER]: set_remote_ip
[2m[DEBUG][0m ANALYZE [USER]: tcpnodelay
[2m[DEBUG][0m ANALYZE [USER]: nosigpipe
[2m[DEBUG][0m ANALYZE [USER]: tcpkeepalive
[2m[DEBUG][0m ANALYZE [USER]: bindlocal
[2m[DEBUG][0m ANALYZE [USER]: _OSSwapInt16
[2m[DEBUG][0m ANALYZE [USER]: cf_udp_connect
[2m[DEBUG][0m ANALYZE [USER]: cf_udp_setup_quic
[2m[DEBUG][0m ANALYZE [USER]: cf_tcp_accept_connect
[2m[DEBUG][0m ANALYZE [USER]: cf_tcp_accept_timeleft
[2m[DEBUG][0m ANALYZE [USER]: cf_tcp_set_accepted_remote_ip
[2m[DEBUG][0m ANALYZE [USER]: Curl_sock_assign_addr
[2m[DEBUG][0m ANALYZE [USER]: Curl_socket_open
[2m[DEBUG][0m ANALYZE [USER]: Curl_socket_close
[2m[DEBUG][0m ANALYZE [USER]: Curl_parse_interface
[2m[DEBUG][0m ANALYZE [USER]: Curl_cf_tcp_create
[2m[DEBUG][0m ANALYZE [USER]: cf_socket_ctx_init
[2m[DEBUG][0m ANALYZE [USER]: Curl_cf_udp_create
[2m[DEBUG][0m ANALYZE [USER]: Curl_cf_unix_create
[2m[DEBUG][0m ANALYZE [USER]: Curl_conn_tcp_listen_set
[2m[DEBUG][0m ANALYZE [USER]: Curl_conn_is_tcp_listen
[2m[DEBUG][0m ANALYZE [USER]: Curl_cf_socket_peek
[2m[DEBUG][0m ANALYZE [USER]: cf_is_socket
[2m[DEBUG][0m ANALYZE [USER]: Curl_cf_def_shutdown
[2m[DEBUG][0m ANALYZE [USER]: Curl_cf_def_get_host
[2m[DEBUG][0m ANALYZE [USER]: Curl_cf_def_adjust_pollset
[2m[DEBUG][0m ANALYZE [USER]: Curl_cf_def_data_pending
[2m[DEBUG][0m ANALYZE [USER]: Curl_cf_def_send
[2m[DEBUG][0m ANALYZE [USER]: Curl_cf_def_recv
[2m[DEBUG][0m ANALYZE [USER]: Curl_cf_def_conn_is_alive
[2m[DEBUG][0m ANALYZE [USER]: Curl_cf_def_conn_keep_alive
[2m[DEBUG][0m ANALYZE [USER]: Curl_cf_def_query
[2m[DEBUG][0m ANALYZE [USER]: Curl_conn_cf_discard_chain
[2m[DEBUG][0m ANALYZE [USER]: Curl_conn_cf_discard_all
[2m[DEBUG][0m ANALYZE [USER]: Curl_conn_close
[2m[DEBUG][0m ANALYZE [USER]: Curl_conn_shutdown
[2m[DEBUG][0m ANALYZE [USER]: Curl_cf_recv
[2m[DEBUG][0m ANALYZE [USER]: Curl_cf_send
[2m[DEBUG][0m ANALYZE [USER]: Curl_cf_create
[2m[DEBUG][0m ANALYZE [USER]: Curl_conn_cf_add
[2m[DEBUG][0m ANALYZE [USER]: Curl_conn_cf_insert_after
[2m[DEBUG][0m ANALYZE [USER]: Curl_conn_cf_discard_sub
[2m[DEBUG][0m ANALYZE [USER]: Curl_conn_cf_connect
[2m[DEBUG][0m ANALYZE [USER]: Curl_conn_cf_close
[2m[DEBUG][0m ANALYZE [USER]: Curl_conn_cf_send
[2m[DEBUG][0m ANALYZE [USER]: Curl_conn_cf_recv
[2m[DEBUG][0m ANALYZE [USER]: Curl_conn_connect
[2m[DEBUG][0m ANALYZE [USER]: Curl_conn_needs_flush
[2m[DEBUG][0m ANALYZE [USER]: Curl_conn_flush
[2m[DEBUG][0m ANALYZE [USER]: cf_cntrl_update_info
[2m[DEBUG][0m ANALYZE [USER]: conn_report_connect_stats
[2m[DEBUG][0m ANALYZE [USER]: Curl_conn_cf_get_socket
[2m[DEBUG][0m ANALYZE [USER]: Curl_pollset_change
[2m[DEBUG][0m ANALYZE [USER]: Curl_conn_adjust_pollset
[2m[DEBUG][0m ANALYZE [USER]: Curl_conn_cf_adjust_pollset
[2m[DEBUG][0m ANALYZE [USER]: cf_cntrl_all
[2m[DEBUG][0m ANALYZE [USER]: Curl_conn_cf_cntrl
[2m[DEBUG][0m ANALYZE [USER]: Curl_cf_def_cntrl
[2m[DEBUG][0m ANALYZE [USER]: Curl_conn_cf_needs_flush
[2m[DEBUG][0m ANALYZE [USER]: Curl_conn_is_connected
[2m[DEBUG][0m ANALYZE [USER]: Curl_conn_is_ip_connected
[2m[DEBUG][0m ANALYZE [USER]: Curl_conn_cf_is_ssl
[2m[DEBUG][0m ANALYZE [USER]: Curl_conn_is_ssl
[2m[DEBUG][0m ANALYZE [USER]: Curl_conn_is_multiplex
[2m[DEBUG][0m ANALYZE [USER]: Curl_conn_http_version
[2m[DEBUG][0m ANALYZE [USER]: Curl_conn_data_pending
[2m[DEBUG][0m ANALYZE [USER]: Curl_conn_cf_poll
[2m[DEBUG][0m ANALYZE [USER]: Curl_conn_get_host
[2m[DEBUG][0m ANALYZE [USER]: Curl_conn_cf_get_ip_info
[2m[DEBUG][0m ANALYZE [USER]: Curl_conn_get_socket
[2m[DEBUG][0m ANALYZE [USER]: Curl_conn_forget_socket
[2m[DEBUG][0m ANALYZE [USER]: Curl_conn_ev_data_setup
[2m[DEBUG][0m ANALYZE [USER]: Curl_conn_ev_data_idle
[2m[DEBUG][0m ANALYZE [USER]: Curl_conn_ev_data_done_send
[2m[DEBUG][0m ANALYZE [USER]: Curl_conn_ev_data_done
[2m[DEBUG][0m ANALYZE [USER]: Curl_conn_ev_data_pause
[2m[DEBUG][0m ANALYZE [USER]: Curl_conn_is_alive
[2m[DEBUG][0m ANALYZE [USER]: Curl_conn_keep_alive
[2m[DEBUG][0m ANALYZE [USER]: Curl_conn_get_max_concurrent
[2m[DEBUG][0m ANALYZE [USER]: Curl_conn_get_stream_error
[2m[DEBUG][0m ANALYZE [USER]: Curl_conn_sockindex
[2m[DEBUG][0m ANALYZE [USER]: Curl_conn_recv
[2m[DEBUG][0m ANALYZE [USER]: Curl_conn_send
[2m[DEBUG][0m ANALYZE [USER]: Curl_pollset_reset
[2m[DEBUG][0m ANALYZE [USER]: Curl_pollset_set
[2m[DEBUG][0m ANALYZE [USER]: Curl_pollset_add_socks
[2m[DEBUG][0m ANALYZE [USER]: ps_add
[2m[DEBUG][0m ANALYZE [USER]: Curl_pollset_check
[2m[DEBUG][0m ANALYZE [USER]: Curl_cpool_init
[2m[DEBUG][0m ANALYZE [USER]: cpool_bundle_free_entry
[2m[DEBUG][0m ANALYZE [USER]: cpool_bundle_destroy
[2m[DEBUG][0m ANALYZE [USER]: Curl_cpool_destroy
[2m[DEBUG][0m ANALYZE [USER]: cpool_get_first
[2m[DEBUG][0m ANALYZE [USER]: cpool_remove_conn
[2m[DEBUG][0m ANALYZE [USER]: cpool_discard_conn
[2m[DEBUG][0m ANALYZE [USER]: cpool_find_bundle
[2m[DEBUG][0m ANALYZE [USER]: cpool_bundle_remove
[2m[DEBUG][0m ANALYZE [USER]: cpool_remove_bundle
[2m[DEBUG][0m ANALYZE [USER]: Curl_cpool_xfer_init
[2m[DEBUG][0m ANALYZE [USER]: cpool_get_instance
[2m[DEBUG][0m ANALYZE [USER]: Curl_cpool_check_limits
[2m[DEBUG][0m ANALYZE [USER]: cpool_bundle_get_oldest_idle
[2m[DEBUG][0m ANALYZE [USER]: Curl_conn_terminate
[2m[DEBUG][0m ANALYZE [USER]: cpool_get_oldest_idle
[2m[DEBUG][0m ANALYZE [USER]: Curl_cpool_add
[2m[DEBUG][0m ANALYZE [USER]: cpool_add_bundle
[2m[DEBUG][0m ANALYZE [USER]: cpool_bundle_add
[2m[DEBUG][0m ANALYZE [USER]: cpool_bundle_create
[2m[DEBUG][0m ANALYZE [USER]: Curl_cpool_conn_now_idle
[2m[DEBUG][0m ANALYZE [USER]: Curl_cpool_find
[2m[DEBUG][0m ANALYZE [USER]: Curl_cpool_prune_dead
[2m[DEBUG][0m ANALYZE [USER]: cpool_reap_dead_cb
[2m[DEBUG][0m ANALYZE [USER]: cpool_foreach
[2m[DEBUG][0m ANALYZE [USER]: Curl_cpool_upkeep
[2m[DEBUG][0m ANALYZE [USER]: conn_upkeep
[2m[DEBUG][0m ANALYZE [USER]: Curl_cpool_get_conn
[2m[DEBUG][0m ANALYZE [USER]: cpool_find_conn
[2m[DEBUG][0m ANALYZE [USER]: Curl_cpool_do_by_id
[2m[DEBUG][0m ANALYZE [USER]: cpool_do_conn
[2m[DEBUG][0m ANALYZE [USER]: Curl_cpool_do_locked
[2m[DEBUG][0m ANALYZE [USER]: Curl_all_content_encodings
[2m[DEBUG][0m ANALYZE [USER]: Curl_build_unencoding_stack
[2m[DEBUG][0m ANALYZE [USER]: find_unencode_writer
[2m[DEBUG][0m ANALYZE [USER]: error_do_init
[2m[DEBUG][0m ANALYZE [USER]: error_do_write
[2m[DEBUG][0m ANALYZE [USER]: error_do_close
[2m[DEBUG][0m ANALYZE [USER]: Curl_cshutdn_run_once
[2m[DEBUG][0m ANALYZE [USER]: cshutdn_run_once
[2m[DEBUG][0m ANALYZE [USER]: cshutdn_run_conn_handler
[2m[DEBUG][0m ANALYZE [USER]: Curl_cshutdn_terminate
[2m[DEBUG][0m ANALYZE [USER]: Curl_cshutdn_close_oldest
[2m[DEBUG][0m ANALYZE [USER]: cshutdn_destroy_oldest
[2m[DEBUG][0m ANALYZE [USER]: Curl_cshutdn_init
[2m[DEBUG][0m ANALYZE [USER]: Curl_cshutdn_destroy
[2m[DEBUG][0m ANALYZE [USER]: cshutdn_terminate_all
[2m[DEBUG][0m ANALYZE [USER]: cshutdn_perform
[2m[DEBUG][0m ANALYZE [USER]: cshutdn_wait
[2m[DEBUG][0m ANALYZE [USER]: Curl_cshutdn_add_pollfds
[2m[DEBUG][0m ANALYZE [USER]: Curl_cshutdn_count
[2m[DEBUG][0m ANALYZE [USER]: Curl_cshutdn_dest_count
[2m[DEBUG][0m ANALYZE [USER]: Curl_cshutdn_add
[2m[DEBUG][0m ANALYZE [USER]: cshutdn_update_ev
[2m[DEBUG][0m ANALYZE [USER]: Curl_cshutdn_perform
[2m[DEBUG][0m ANALYZE [USER]: cshutdn_multi_socket
[2m[DEBUG][0m ANALYZE [USER]: Curl_cshutdn_setfds
[2m[DEBUG][0m ANALYZE [USER]: Curl_cshutdn_add_waitfds
[2m[DEBUG][0m ANALYZE [USER]: Curl_freeaddrinfo
[2m[DEBUG][0m ANALYZE [USER]: Curl_getaddrinfo_ex
[2m[DEBUG][0m ANALYZE [USER]: Curl_ip2addr
[2m[DEBUG][0m ANALYZE [USER]: _OSSwapInt16.239
[2m[DEBUG][0m ANALYZE [USER]: Curl_str2addr
[2m[DEBUG][0m ANALYZE [USER]: Curl_unix2addr
[2m[DEBUG][0m ANALYZE [USER]: Curl_addrinfo_set_port
[2m[DEBUG][0m ANALYZE [USER]: Curl_read16_le
[2m[DEBUG][0m ANALYZE [USER]: Curl_read32_le
[2m[DEBUG][0m ANALYZE [USER]: Curl_read16_be
[2m[DEBUG][0m ANALYZE [USER]: Curl_fnmatch
[2m[DEBUG][0m ANALYZE [USER]: Curl_get_line
[31m[ERROR][0m [LOW] FFI RISK: Curl_get_line -> fgets
[31m[ERROR][0m   Location: /tmp/curl-8.14.0/lib/curl_get_line.c:45:15
[31m[ERROR][0m   Kind: file_io
[31m[ERROR][0m   Detail: Read line from file - bounded read, safer than gets
[33m[WARN][0m   DANGLING RISK: Loading from stack variable and passing to FFI — ensure variable is still in scope
[2m[DEBUG][0m ANALYZE [USER]: Curl_gethostname
[2m[DEBUG][0m ANALYZE [USER]: Curl_memrchr
[2m[DEBUG][0m ANALYZE [USER]: Curl_range
[2m[DEBUG][0m ANALYZE [USER]: Curl_sasl_cleanup
[2m[DEBUG][0m ANALYZE [USER]: Curl_sasl_decode_mech
[2m[DEBUG][0m ANALYZE [USER]: Curl_sasl_parse_url_auth_option
[2m[DEBUG][0m ANALYZE [USER]: Curl_sasl_init
[2m[DEBUG][0m ANALYZE [USER]: Curl_sasl_can_authenticate
[2m[DEBUG][0m ANALYZE [USER]: Curl_sasl_start
[2m[DEBUG][0m ANALYZE [USER]: build_message
[2m[DEBUG][0m ANALYZE [USER]: sasl_state
[2m[DEBUG][0m ANALYZE [USER]: Curl_sasl_continue
[2m[DEBUG][0m ANALYZE [USER]: get_server_message
[2m[DEBUG][0m ANALYZE [USER]: Curl_sasl_is_blocked
[2m[DEBUG][0m ANALYZE [USER]: sasl_unchosen
[2m[DEBUG][0m ANALYZE [USER]: Curl_sha512_256_init
[2m[DEBUG][0m ANALYZE [USER]: Curl_sha512_256_update_i
[2m[DEBUG][0m ANALYZE [USER]: Curl_sha512_256_finish_v
[2m[DEBUG][0m ANALYZE [USER]: Curl_sha512_256_finish
[2m[DEBUG][0m ANALYZE [USER]: Curl_sha512_256_transform
[2m[DEBUG][0m ANALYZE [USER]: Curl_sha512_256_update
[2m[DEBUG][0m ANALYZE [USER]: Curl_sha512_256it
[2m[DEBUG][0m ANALYZE [USER]: Curl_thread_create
[2m[DEBUG][0m ANALYZE [USER]: curl_thread_create_thunk
[2m[DEBUG][0m ANALYZE [USER]: Curl_thread_destroy
[2m[DEBUG][0m ANALYZE [USER]: Curl_thread_join
[2m[DEBUG][0m ANALYZE [USER]: cw_out_init
[2m[DEBUG][0m ANALYZE [USER]: cw_out_write
[2m[DEBUG][0m ANALYZE [USER]: cw_out_close
[2m[DEBUG][0m ANALYZE [USER]: cw_out_bufs_free
[2m[DEBUG][0m ANALYZE [USER]: cw_out_buf_free
[2m[DEBUG][0m ANALYZE [USER]: cw_out_do_write
[2m[DEBUG][0m ANALYZE [USER]: cw_out_flush_chain
[2m[DEBUG][0m ANALYZE [USER]: cw_out_append
[2m[DEBUG][0m ANALYZE [USER]: cw_out_ptr_flush
[2m[DEBUG][0m ANALYZE [USER]: cw_get_writefunc
[2m[DEBUG][0m ANALYZE [USER]: cw_out_bufs_len
[2m[DEBUG][0m ANALYZE [USER]: cw_out_buf_create
[2m[DEBUG][0m ANALYZE [USER]: cw_out_buf_flush
[2m[DEBUG][0m ANALYZE [USER]: Curl_cw_out_is_paused
[2m[DEBUG][0m ANALYZE [USER]: Curl_cw_out_unpause
[2m[DEBUG][0m ANALYZE [USER]: cw_out_flush
[2m[DEBUG][0m ANALYZE [USER]: Curl_cw_out_done
[2m[DEBUG][0m ANALYZE [USER]: cw_pause_init
[2m[DEBUG][0m ANALYZE [USER]: cw_pause_write
[2m[DEBUG][0m ANALYZE [USER]: cw_pause_close
[2m[DEBUG][0m ANALYZE [USER]: cw_pause_bufs_free
[2m[DEBUG][0m ANALYZE [USER]: cw_pause_buf_free
[2m[DEBUG][0m ANALYZE [USER]: cw_pause_flush
[2m[DEBUG][0m ANALYZE [USER]: cw_pause_buf_create
[2m[DEBUG][0m ANALYZE [USER]: Curl_cw_pause_flush
[2m[DEBUG][0m ANALYZE [USER]: Curl_dynhds_init
[2m[DEBUG][0m ANALYZE [USER]: Curl_dynhds_free
[2m[DEBUG][0m ANALYZE [USER]: entry_free
[2m[DEBUG][0m ANALYZE [USER]: Curl_dynhds_reset
[2m[DEBUG][0m ANALYZE [USER]: Curl_dynhds_count
[2m[DEBUG][0m ANALYZE [USER]: Curl_dynhds_set_opts
[2m[DEBUG][0m ANALYZE [USER]: Curl_dynhds_getn
[2m[DEBUG][0m ANALYZE [USER]: Curl_dynhds_get
[2m[DEBUG][0m ANALYZE [USER]: Curl_dynhds_cget
[2m[DEBUG][0m ANALYZE [USER]: Curl_dynhds_add
[2m[DEBUG][0m ANALYZE [USER]: entry_new
[2m[DEBUG][0m ANALYZE [USER]: Curl_dynhds_cadd
[2m[DEBUG][0m ANALYZE [USER]: Curl_dynhds_h1_add_line
[2m[DEBUG][0m ANALYZE [USER]: entry_append
[2m[DEBUG][0m ANALYZE [USER]: Curl_dynhds_h1_cadd_line
[2m[DEBUG][0m ANALYZE [USER]: Curl_dynhds_h1_dprint
[2m[DEBUG][0m ANALYZE [USER]: curl_global_init
[2m[DEBUG][0m ANALYZE [USER]: curl_simple_lock_lock
[2m[DEBUG][0m ANALYZE [USER]: global_init
[2m[DEBUG][0m ANALYZE [USER]: curl_simple_lock_unlock
[2m[DEBUG][0m ANALYZE [USER]: curl_global_init_mem
[2m[DEBUG][0m ANALYZE [USER]: curl_global_cleanup
[2m[DEBUG][0m ANALYZE [USER]: curl_global_trace
[2m[DEBUG][0m ANALYZE [USER]: curl_global_sslset
[2m[DEBUG][0m ANALYZE [USER]: curl_easy_init
[2m[DEBUG][0m ANALYZE [USER]: curl_easy_perform
[2m[DEBUG][0m ANALYZE [USER]: easy_perform
[2m[DEBUG][0m ANALYZE [USER]: easy_transfer
[2m[DEBUG][0m ANALYZE [USER]: curl_easy_cleanup
[2m[DEBUG][0m ANALYZE [USER]: curl_easy_getinfo
[2m[DEBUG][0m ANALYZE [USER]: curl_easy_duphandle
[2m[DEBUG][0m ANALYZE [USER]: dupeasy_meta_freeentry
[2m[DEBUG][0m ANALYZE [USER]: dupset
[2m[DEBUG][0m ANALYZE [USER]: curl_easy_reset
[2m[DEBUG][0m ANALYZE [USER]: Curl_meta_reset
[2m[DEBUG][0m ANALYZE [USER]: curl_easy_pause
[2m[DEBUG][0m ANALYZE [USER]: curl_easy_recv
[2m[DEBUG][0m ANALYZE [USER]: easy_connection
[2m[DEBUG][0m ANALYZE [USER]: Curl_connect_only_attach
[2m[DEBUG][0m ANALYZE [USER]: Curl_senddata
[2m[DEBUG][0m ANALYZE [USER]: curl_easy_send
[2m[DEBUG][0m ANALYZE [USER]: curl_easy_upkeep
[2m[DEBUG][0m ANALYZE [USER]: curl_easy_ssls_import
[2m[DEBUG][0m ANALYZE [USER]: curl_easy_ssls_export
[2m[DEBUG][0m ANALYZE [USER]: Curl_meta_set
[2m[DEBUG][0m ANALYZE [USER]: Curl_meta_remove
[2m[DEBUG][0m ANALYZE [USER]: Curl_meta_get
[2m[DEBUG][0m ANALYZE [USER]: curl_easy_option_by_name
[2m[DEBUG][0m ANALYZE [USER]: lookup
[2m[DEBUG][0m ANALYZE [USER]: curl_easy_option_by_id
[2m[DEBUG][0m NOISE-SKIP [COMPILER_GEN]: curl_easy_option_next
[2m[DEBUG][0m ANALYZE [USER]: curl_escape
[2m[DEBUG][0m ANALYZE [USER]: curl_easy_escape
[2m[DEBUG][0m ANALYZE [USER]: Curl_hexbyte
[2m[DEBUG][0m ANALYZE [USER]: curl_unescape
[2m[DEBUG][0m ANALYZE [USER]: curl_easy_unescape
[2m[DEBUG][0m ANALYZE [USER]: Curl_urldecode
[2m[DEBUG][0m ANALYZE [USER]: curl_free
[2m[DEBUG][0m ANALYZE [USER]: Curl_hexencode
[2m[DEBUG][0m ANALYZE [USER]: Curl_fileinfo_alloc
[2m[DEBUG][0m ANALYZE [USER]: Curl_fileinfo_cleanup
[2m[DEBUG][0m ANALYZE [USER]: curl_formadd
[2m[DEBUG][0m ANALYZE [USER]: FormAdd
[2m[DEBUG][0m ANALYZE [USER]: AddFormInfo
[2m[DEBUG][0m ANALYZE [USER]: FormAddCheck
[2m[DEBUG][0m ANALYZE [USER]: free_formlist
[2m[DEBUG][0m ANALYZE [USER]: free_chain
[2m[DEBUG][0m ANALYZE [USER]: AddHttpPost
[2m[DEBUG][0m ANALYZE [USER]: curl_formget
[2m[DEBUG][0m ANALYZE [USER]: Curl_getformdata
[2m[DEBUG][0m ANALYZE [USER]: setname
[2m[DEBUG][0m ANALYZE [USER]: fseeko_wrapper
[2m[DEBUG][0m ANALYZE [USER]: curl_formfree
[2m[DEBUG][0m ANALYZE [USER]: Curl_wildcard_init
[2m[DEBUG][0m ANALYZE [USER]: fileinfo_dtor
[2m[DEBUG][0m ANALYZE [USER]: Curl_wildcard_dtor
[2m[DEBUG][0m ANALYZE [USER]: Curl_ftp_parselist_data_alloc
[2m[DEBUG][0m ANALYZE [USER]: Curl_ftp_parselist_data_free
[2m[DEBUG][0m ANALYZE [USER]: Curl_ftp_parselist_geterror
[2m[DEBUG][0m ANALYZE [USER]: Curl_ftp_parselist
[2m[DEBUG][0m ANALYZE [USER]: parse_unix
[2m[DEBUG][0m ANALYZE [USER]: parse_winnt
[2m[DEBUG][0m ANALYZE [USER]: ftp_pl_insert_finfo
[2m[DEBUG][0m ANALYZE [USER]: unix_filetype
[2m[DEBUG][0m ANALYZE [USER]: ftp_pl_get_permission
[2m[DEBUG][0m ANALYZE [USER]: curl_getenv
[2m[DEBUG][0m ANALYZE [USER]: GetEnv
[2m[DEBUG][0m ANALYZE [USER]: Curl_initinfo
[2m[DEBUG][0m ANALYZE [USER]: Curl_getinfo
[2m[DEBUG][0m ANALYZE [USER]: getinfo_char
[2m[DEBUG][0m ANALYZE [USER]: getinfo_long
[2m[DEBUG][0m ANALYZE [USER]: getinfo_double
[2m[DEBUG][0m ANALYZE [USER]: getinfo_offt
[2m[DEBUG][0m ANALYZE [USER]: getinfo_slist
[2m[DEBUG][0m ANALYZE [USER]: getinfo_socket
[2m[DEBUG][0m ANALYZE [USER]: Curl_hash_init
[2m[DEBUG][0m ANALYZE [USER]: Curl_hash_add2
[2m[DEBUG][0m ANALYZE [USER]: hash_elem_clear_ptr
[2m[DEBUG][0m ANALYZE [USER]: hash_elem_create
[2m[DEBUG][0m ANALYZE [USER]: hash_elem_link
[2m[DEBUG][0m ANALYZE [USER]: Curl_hash_add
[2m[DEBUG][0m ANALYZE [USER]: Curl_hash_delete
[2m[DEBUG][0m ANALYZE [USER]: hash_elem_unlink
[2m[DEBUG][0m ANALYZE [USER]: hash_elem_destroy
[2m[DEBUG][0m ANALYZE [USER]: Curl_hash_pick
[2m[DEBUG][0m ANALYZE [USER]: Curl_hash_destroy
[2m[DEBUG][0m ANALYZE [USER]: Curl_hash_clean
[2m[DEBUG][0m ANALYZE [USER]: Curl_hash_count
[2m[DEBUG][0m ANALYZE [USER]: Curl_hash_clean_with_criterium
[2m[DEBUG][0m ANALYZE [USER]: Curl_hash_str
[2m[DEBUG][0m ANALYZE [USER]: curlx_str_key_compare
[2m[DEBUG][0m ANALYZE [USER]: Curl_hash_start_iterate
[2m[DEBUG][0m NOISE-SKIP [COMPILER_GEN]: Curl_hash_next_element
[2m[DEBUG][0m ANALYZE [USER]: curl_easy_header
[2m[DEBUG][0m ANALYZE [USER]: copy_header_external
[2m[DEBUG][0m NOISE-SKIP [COMPILER_GEN]: curl_easy_nextheader
[2m[DEBUG][0m ANALYZE [USER]: Curl_headers_push
[2m[DEBUG][0m ANALYZE [USER]: unfold_value
[2m[DEBUG][0m ANALYZE [USER]: namevalue
[2m[DEBUG][0m ANALYZE [USER]: Curl_headers_init
[2m[DEBUG][0m ANALYZE [USER]: hds_cw_collect_write
[2m[DEBUG][0m ANALYZE [USER]: Curl_headers_cleanup
[2m[DEBUG][0m ANALYZE [USER]: headers_reset
[2m[DEBUG][0m ANALYZE [USER]: Curl_HMAC_init
[2m[DEBUG][0m ANALYZE [USER]: Curl_HMAC_update
[2m[DEBUG][0m ANALYZE [USER]: Curl_HMAC_final
[2m[DEBUG][0m ANALYZE [USER]: Curl_hmacit
[2m[DEBUG][0m ANALYZE [USER]: Curl_h1_req_parse_init
[2m[DEBUG][0m ANALYZE [USER]: Curl_h1_req_parse_free
[2m[DEBUG][0m ANALYZE [USER]: Curl_h1_req_parse_read
[2m[DEBUG][0m NOISE-SKIP [COMPILER_GEN]: next_line
[2m[DEBUG][0m ANALYZE [USER]: start_req
[2m[DEBUG][0m ANALYZE [USER]: detect_line
[2m[DEBUG][0m ANALYZE [USER]: trim_line
[2m[DEBUG][0m ANALYZE [USER]: Curl_h1_req_write_head
[2m[DEBUG][0m ANALYZE [USER]: curl_pushheader_bynum
[2m[DEBUG][0m ANALYZE [USER]: curl_pushheader_byname
[2m[DEBUG][0m ANALYZE [USER]: ldap_do
[2m[DEBUG][0m ANALYZE [USER]: Curl_llist_init
[2m[DEBUG][0m NOISE-SKIP [COMPILER_GEN]: Curl_llist_insert_next
[2m[DEBUG][0m ANALYZE [USER]: Curl_llist_append
[2m[DEBUG][0m ANALYZE [USER]: Curl_node_take_elem
[2m[DEBUG][0m ANALYZE [USER]: Curl_node_uremove
[2m[DEBUG][0m ANALYZE [USER]: Curl_node_remove
[2m[DEBUG][0m ANALYZE [USER]: Curl_llist_destroy
[2m[DEBUG][0m ANALYZE [USER]: Curl_llist_head
[2m[DEBUG][0m ANALYZE [USER]: Curl_llist_count
[2m[DEBUG][0m ANALYZE [USER]: Curl_node_elem
[2m[DEBUG][0m NOISE-SKIP [COMPILER_GEN]: Curl_node_next
[2m[DEBUG][0m ANALYZE [USER]: Curl_node_llist
[2m[DEBUG][0m ANALYZE [USER]: Curl_macos_init
[2m[DEBUG][0m ANALYZE [USER]: my_md5_init
[2m[DEBUG][0m ANALYZE [USER]: my_md5_update
[2m[DEBUG][0m ANALYZE [USER]: my_md5_final
[2m[DEBUG][0m ANALYZE [USER]: my_md5_body
[2m[DEBUG][0m ANALYZE [USER]: Curl_md5it
[2m[DEBUG][0m ANALYZE [USER]: Curl_MD5_init
[2m[DEBUG][0m ANALYZE [USER]: Curl_MD5_update
[2m[DEBUG][0m ANALYZE [USER]: Curl_MD5_final
[2m[DEBUG][0m ANALYZE [USER]: curl_mvsnprintf
[2m[DEBUG][0m ANALYZE [USER]: addbyter
[2m[DEBUG][0m ANALYZE [USER]: formatf
[2m[DEBUG][0m ANALYZE [USER]: parsefmt
[2m[DEBUG][0m ANALYZE [USER]: out_number
[2m[DEBUG][0m ANALYZE [USER]: out_string
[2m[DEBUG][0m ANALYZE [USER]: out_pointer
[2m[DEBUG][0m ANALYZE [USER]: out_double
[31m[ERROR][0m [MEDIUM] FFI RISK: out_double -> snprintf
[31m[ERROR][0m   Location: /tmp/curl-8.14.0/lib/mprintf.c:705:3
[31m[ERROR][0m   Kind: format_string
[31m[ERROR][0m   Detail: Print formatted - format string vulnerability if user-controlled
[33m[WARN][0m   DANGLING RISK: Loading from stack variable and passing to FFI — ensure variable is still in scope
[33m[WARN][0m   DANGLING RISK: Loading from stack variable and passing to FFI — ensure variable is still in scope
[2m[DEBUG][0m ANALYZE [USER]: curl_msnprintf
[2m[DEBUG][0m ANALYZE [USER]: dollarstring
[2m[DEBUG][0m ANALYZE [USER]: curlx_dyn_vprintf
[2m[DEBUG][0m ANALYZE [USER]: alloc_addbyter
[2m[DEBUG][0m ANALYZE [USER]: curl_mvaprintf
[2m[DEBUG][0m ANALYZE [USER]: curl_maprintf
[2m[DEBUG][0m ANALYZE [USER]: curl_msprintf
[2m[DEBUG][0m ANALYZE [USER]: storebuffer
[2m[DEBUG][0m ANALYZE [USER]: curl_mprintf
[2m[DEBUG][0m ANALYZE [USER]: fputc_wrapper
[2m[DEBUG][0m ANALYZE [USER]: curl_mfprintf
[2m[DEBUG][0m ANALYZE [USER]: curl_mvsprintf
[2m[DEBUG][0m ANALYZE [USER]: curl_mvprintf
[2m[DEBUG][0m ANALYZE [USER]: curl_mvfprintf
[2m[DEBUG][0m ANALYZE [USER]: mqtt_setup_conn
[2m[DEBUG][0m ANALYZE [USER]: mqtt_do
[2m[DEBUG][0m ANALYZE [USER]: mqtt_done
[2m[DEBUG][0m ANALYZE [USER]: mqtt_doing
[2m[DEBUG][0m ANALYZE [USER]: mqtt_getsock
[2m[DEBUG][0m ANALYZE [USER]: mqtt_send
[2m[DEBUG][0m ANALYZE [USER]: mqtt_ping
[2m[DEBUG][0m ANALYZE [USER]: mqstate
[2m[DEBUG][0m ANALYZE [USER]: mqtt_decode_len
[2m[DEBUG][0m ANALYZE [USER]: mqtt_verify_connack
[2m[DEBUG][0m ANALYZE [USER]: mqtt_publish
[2m[DEBUG][0m ANALYZE [USER]: mqtt_disconnect
[2m[DEBUG][0m ANALYZE [USER]: mqtt_subscribe
[2m[DEBUG][0m ANALYZE [USER]: mqtt_read_publish
[2m[DEBUG][0m ANALYZE [USER]: mqtt_verify_suback
[2m[DEBUG][0m ANALYZE [USER]: mqtt_recv_atleast
[2m[DEBUG][0m ANALYZE [USER]: mqtt_recv_consume
[2m[DEBUG][0m ANALYZE [USER]: mqtt_get_topic
[2m[DEBUG][0m ANALYZE [USER]: mqtt_encode_len
[2m[DEBUG][0m ANALYZE [USER]: mqtt_connect
[2m[DEBUG][0m ANALYZE [USER]: init_connpack
[2m[DEBUG][0m ANALYZE [USER]: add_client_id
[2m[DEBUG][0m ANALYZE [USER]: add_user
[2m[DEBUG][0m ANALYZE [USER]: add_passwd
[2m[DEBUG][0m ANALYZE [USER]: mqtt_conn_dtor
[2m[DEBUG][0m ANALYZE [USER]: mqtt_easy_dtor
[2m[DEBUG][0m ANALYZE [USER]: Curl_multi_ev_assess_xfer
[2m[DEBUG][0m ANALYZE [USER]: mev_assess
[2m[DEBUG][0m ANALYZE [USER]: mev_init_cur_pollset
[2m[DEBUG][0m ANALYZE [USER]: mev_get_last_pollset
[2m[DEBUG][0m ANALYZE [USER]: mev_add_new_conn_pollset
[2m[DEBUG][0m ANALYZE [USER]: mev_add_new_xfer_pollset
[2m[DEBUG][0m ANALYZE [USER]: mev_pollset_diff
[2m[DEBUG][0m ANALYZE [USER]: mev_sh_entry_get
[2m[DEBUG][0m ANALYZE [USER]: mev_sh_entry_add
[2m[DEBUG][0m ANALYZE [USER]: mev_sh_entry_conn_known
[2m[DEBUG][0m ANALYZE [USER]: mev_sh_entry_xfer_known
[2m[DEBUG][0m ANALYZE [USER]: mev_sh_entry_conn_add
[2m[DEBUG][0m ANALYZE [USER]: mev_sh_entry_xfer_add
[2m[DEBUG][0m ANALYZE [USER]: mev_sh_entry_update
[2m[DEBUG][0m ANALYZE [USER]: mev_sh_entry_conn_remove
[2m[DEBUG][0m ANALYZE [USER]: mev_sh_entry_xfer_remove
[2m[DEBUG][0m ANALYZE [USER]: mev_sh_entry_user_count
[2m[DEBUG][0m ANALYZE [USER]: mev_forget_socket
[2m[DEBUG][0m ANALYZE [USER]: mev_in_callback
[2m[DEBUG][0m ANALYZE [USER]: mev_sh_entry_kill
[2m[DEBUG][0m ANALYZE [USER]: mev_sh_entry_dtor
[2m[DEBUG][0m ANALYZE [USER]: mev_pollset_dtor
[2m[DEBUG][0m ANALYZE [USER]: Curl_multi_ev_assess_conn
[2m[DEBUG][0m ANALYZE [USER]: Curl_multi_ev_assess_xfer_bset
[2m[DEBUG][0m ANALYZE [USER]: Curl_multi_ev_assign
[2m[DEBUG][0m ANALYZE [USER]: Curl_multi_ev_expire_xfers
[2m[DEBUG][0m ANALYZE [USER]: Curl_multi_ev_socket_done
[2m[DEBUG][0m ANALYZE [USER]: Curl_multi_ev_xfer_done
[2m[DEBUG][0m ANALYZE [USER]: Curl_multi_ev_conn_done
[2m[DEBUG][0m ANALYZE [USER]: Curl_multi_ev_init
[2m[DEBUG][0m ANALYZE [USER]: mev_sh_entry_hash
[2m[DEBUG][0m ANALYZE [USER]: mev_sh_entry_compare
[2m[DEBUG][0m ANALYZE [USER]: Curl_multi_ev_cleanup
[2m[DEBUG][0m ANALYZE [USER]: Curl_multi_handle
[2m[DEBUG][0m ANALYZE [USER]: ph_freeentry
[2m[DEBUG][0m ANALYZE [USER]: curl_multi_init
[2m[DEBUG][0m ANALYZE [USER]: curl_multi_add_handle
[2m[DEBUG][0m ANALYZE [USER]: curl_multi_cleanup
[2m[DEBUG][0m ANALYZE [USER]: multi_xfers_add
[2m[DEBUG][0m ANALYZE [USER]: Curl_expire
[2m[DEBUG][0m ANALYZE [USER]: Curl_update_timer
[2m[DEBUG][0m ANALYZE [USER]: mstate
[2m[DEBUG][0m ANALYZE [USER]: Curl_multi_xfers_running
[2m[DEBUG][0m ANALYZE [USER]: multi_xfer_bufs_free
[2m[DEBUG][0m ANALYZE [USER]: before_perform
[2m[DEBUG][0m ANALYZE [USER]: init_completed
[2m[DEBUG][0m ANALYZE [USER]: Curl_detach_connection
[2m[DEBUG][0m ANALYZE [USER]: Curl_expire_clear
[2m[DEBUG][0m ANALYZE [USER]: multi_timeout
[2m[DEBUG][0m ANALYZE [USER]: set_in_callback
[2m[DEBUG][0m ANALYZE [USER]: Curl_expire_ex
[2m[DEBUG][0m ANALYZE [USER]: multi_deltimeout
[2m[DEBUG][0m ANALYZE [USER]: multi_addtimeout
[2m[DEBUG][0m ANALYZE [USER]: multi_done
[2m[DEBUG][0m ANALYZE [USER]: process_pending_handles
[2m[DEBUG][0m ANALYZE [USER]: multi_done_locked
[2m[DEBUG][0m ANALYZE [USER]: Curl_multi_get_easy
[2m[DEBUG][0m ANALYZE [USER]: move_pending_to_connect
[2m[DEBUG][0m ANALYZE [USER]: curl_multi_remove_handle
[2m[DEBUG][0m ANALYZE [USER]: close_connect_only
[2m[DEBUG][0m ANALYZE [USER]: Curl_multiplex_wanted
[2m[DEBUG][0m ANALYZE [USER]: Curl_attach_connection
[2m[DEBUG][0m ANALYZE [USER]: Curl_multi_getsock
[2m[DEBUG][0m ANALYZE [USER]: connecting_getsock
[2m[DEBUG][0m ANALYZE [USER]: protocol_getsock
[2m[DEBUG][0m ANALYZE [USER]: doing_getsock
[2m[DEBUG][0m ANALYZE [USER]: domore_getsock
[2m[DEBUG][0m ANALYZE [USER]: perform_getsock
[2m[DEBUG][0m ANALYZE [USER]: curl_multi_fdset
[2m[DEBUG][0m ANALYZE [USER]: curl_multi_waitfds
[2m[DEBUG][0m ANALYZE [USER]: curl_multi_wait
[2m[DEBUG][0m ANALYZE [USER]: multi_wait
[2m[DEBUG][0m ANALYZE [USER]: curl_multi_timeout
[2m[DEBUG][0m ANALYZE [USER]: curl_multi_poll
[2m[DEBUG][0m ANALYZE [USER]: curl_multi_wakeup
[2m[DEBUG][0m ANALYZE [USER]: Curl_multi_connchanged
[2m[DEBUG][0m ANALYZE [USER]: Curl_multi_add_perform
[2m[DEBUG][0m ANALYZE [USER]: curl_multi_perform
[2m[DEBUG][0m ANALYZE [USER]: multi_runsingle
[2m[DEBUG][0m ANALYZE [USER]: multi_ischanged
[2m[DEBUG][0m ANALYZE [USER]: multi_handle_timeout
[2m[DEBUG][0m NOISE-SKIP [COMPILER_GEN]: add_next_timeout
[2m[DEBUG][0m ANALYZE [USER]: multi_posttransfer
[2m[DEBUG][0m ANALYZE [USER]: state_connect
[2m[DEBUG][0m ANALYZE [USER]: state_resolving
[2m[DEBUG][0m ANALYZE [USER]: protocol_connect
[2m[DEBUG][0m ANALYZE [USER]: protocol_connecting
[2m[DEBUG][0m ANALYZE [USER]: state_do
[2m[DEBUG][0m ANALYZE [USER]: protocol_doing
[2m[DEBUG][0m ANALYZE [USER]: multi_do_more
[2m[DEBUG][0m ANALYZE [USER]: state_ratelimiting
[2m[DEBUG][0m ANALYZE [USER]: state_performing
[2m[DEBUG][0m ANALYZE [USER]: multi_addmsg
[2m[DEBUG][0m ANALYZE [USER]: multi_follow
[2m[DEBUG][0m ANALYZE [USER]: Curl_set_in_callback
[2m[DEBUG][0m ANALYZE [USER]: multi_do
[2m[DEBUG][0m ANALYZE [USER]: curl_multi_info_read
[2m[DEBUG][0m ANALYZE [USER]: Curl_multi_will_close
[2m[DEBUG][0m ANALYZE [USER]: curl_multi_setopt
[2m[DEBUG][0m ANALYZE [USER]: curl_multi_socket
[2m[DEBUG][0m ANALYZE [USER]: multi_socket
[2m[DEBUG][0m ANALYZE [USER]: multi_run_expired
[2m[DEBUG][0m ANALYZE [USER]: curl_multi_socket_action
[2m[DEBUG][0m ANALYZE [USER]: curl_multi_socket_all
[2m[DEBUG][0m ANALYZE [USER]: Curl_expire_done
[2m[DEBUG][0m ANALYZE [USER]: curl_multi_assign
[2m[DEBUG][0m ANALYZE [USER]: Curl_is_in_callback
[2m[DEBUG][0m ANALYZE [USER]: Curl_multi_max_concurrent_streams
[2m[DEBUG][0m ANALYZE [USER]: curl_multi_get_handles
[2m[DEBUG][0m ANALYZE [USER]: Curl_multi_xfer_buf_borrow
[2m[DEBUG][0m ANALYZE [USER]: Curl_multi_xfer_buf_release
[2m[DEBUG][0m ANALYZE [USER]: Curl_multi_xfer_ulbuf_borrow
[2m[DEBUG][0m ANALYZE [USER]: Curl_multi_xfer_ulbuf_release
[2m[DEBUG][0m ANALYZE [USER]: Curl_multi_xfer_sockbuf_borrow
[2m[DEBUG][0m ANALYZE [USER]: Curl_multi_xfer_sockbuf_release
[2m[DEBUG][0m ANALYZE [USER]: Curl_check_noproxy
[2m[DEBUG][0m ANALYZE [USER]: Curl_cidr6_match
[2m[DEBUG][0m ANALYZE [USER]: Curl_cidr4_match
[2m[DEBUG][0m ANALYZE [USER]: _OSSwapInt32
[2m[DEBUG][0m ANALYZE [USER]: curl_getdate
[2m[DEBUG][0m ANALYZE [USER]: parsedate
[2m[DEBUG][0m ANALYZE [USER]: skip
[2m[DEBUG][0m ANALYZE [USER]: checkday
[2m[DEBUG][0m ANALYZE [USER]: checkmonth
[2m[DEBUG][0m ANALYZE [USER]: checktz
[2m[DEBUG][0m ANALYZE [USER]: match_time
[2m[DEBUG][0m ANALYZE [USER]: time2epoch
[2m[DEBUG][0m ANALYZE [USER]: oneortwodigit
[2m[DEBUG][0m ANALYZE [USER]: Curl_getdate_capped
[2m[DEBUG][0m ANALYZE [USER]: Curl_gmtime
[2m[DEBUG][0m ANALYZE [USER]: Curl_pp_state_timeout
[2m[DEBUG][0m ANALYZE [USER]: Curl_pp_statemach
[2m[DEBUG][0m ANALYZE [USER]: Curl_pp_init
[2m[DEBUG][0m ANALYZE [USER]: Curl_pp_vsendf
[2m[DEBUG][0m ANALYZE [USER]: Curl_pp_sendf
[2m[DEBUG][0m ANALYZE [USER]: Curl_pp_readresp
[2m[DEBUG][0m ANALYZE [USER]: pingpong_read
[2m[DEBUG][0m ANALYZE [USER]: Curl_pp_getsock
[2m[DEBUG][0m ANALYZE [USER]: Curl_pp_needs_flush
[2m[DEBUG][0m ANALYZE [USER]: Curl_pp_flushsend
[2m[DEBUG][0m ANALYZE [USER]: Curl_pp_disconnect
[2m[DEBUG][0m ANALYZE [USER]: Curl_pp_moredata
[2m[DEBUG][0m ANALYZE [USER]: Curl_rand_bytes
[2m[DEBUG][0m ANALYZE [USER]: randit
[2m[DEBUG][0m ANALYZE [USER]: weak_random
[2m[DEBUG][0m ANALYZE [USER]: Curl_rand_hex
[2m[DEBUG][0m ANALYZE [USER]: Curl_rand_alnum
[2m[DEBUG][0m ANALYZE [USER]: Curl_rename
[2m[DEBUG][0m ANALYZE [USER]: Curl_req_init
[2m[DEBUG][0m ANALYZE [USER]: Curl_req_soft_reset
[2m[DEBUG][0m ANALYZE [USER]: Curl_req_start
[2m[DEBUG][0m ANALYZE [USER]: Curl_req_done
[2m[DEBUG][0m ANALYZE [USER]: req_flush
[2m[DEBUG][0m ANALYZE [USER]: req_send_buffer_flush
[2m[DEBUG][0m ANALYZE [USER]: xfer_send
[2m[DEBUG][0m ANALYZE [USER]: req_set_upload_done
[2m[DEBUG][0m ANALYZE [USER]: Curl_req_hard_reset
[2m[DEBUG][0m ANALYZE [USER]: Curl_req_free
[2m[DEBUG][0m ANALYZE [USER]: Curl_req_send
[2m[DEBUG][0m ANALYZE [USER]: req_send_buffer_add
[2m[DEBUG][0m ANALYZE [USER]: Curl_req_send_more
[2m[DEBUG][0m ANALYZE [USER]: add_from_client
[2m[DEBUG][0m ANALYZE [USER]: Curl_req_sendbuf_empty
[2m[DEBUG][0m ANALYZE [USER]: Curl_req_want_send
[2m[DEBUG][0m ANALYZE [USER]: Curl_req_done_sending
[2m[DEBUG][0m ANALYZE [USER]: Curl_req_abort_sending
[2m[DEBUG][0m ANALYZE [USER]: Curl_req_stop_send_recv
[2m[DEBUG][0m ANALYZE [USER]: Curl_wait_ms
[2m[DEBUG][0m ANALYZE [USER]: Curl_socket_check
[2m[DEBUG][0m ANALYZE [USER]: Curl_poll
[2m[DEBUG][0m ANALYZE [USER]: Curl_pollfds_init
[2m[DEBUG][0m ANALYZE [USER]: Curl_pollfds_reset
[2m[DEBUG][0m ANALYZE [USER]: Curl_pollfds_cleanup
[2m[DEBUG][0m ANALYZE [USER]: Curl_pollfds_add_sock
[2m[DEBUG][0m ANALYZE [USER]: cpfds_add_sock
[2m[DEBUG][0m ANALYZE [USER]: cpfds_increase
[2m[DEBUG][0m ANALYZE [USER]: Curl_pollfds_add_ps
[2m[DEBUG][0m ANALYZE [USER]: Curl_waitfds_init
[2m[DEBUG][0m ANALYZE [USER]: Curl_waitfds_add_ps
[2m[DEBUG][0m ANALYZE [USER]: cwfds_add_sock
[2m[DEBUG][0m ANALYZE [USER]: Curl_client_write
[2m[DEBUG][0m ANALYZE [USER]: do_init_writer_stack
[2m[DEBUG][0m ANALYZE [USER]: Curl_cwriter_write
[2m[DEBUG][0m ANALYZE [USER]: Curl_cwriter_create
[2m[DEBUG][0m ANALYZE [USER]: Curl_cwriter_add
[2m[DEBUG][0m ANALYZE [USER]: Curl_cwriter_free
[2m[DEBUG][0m ANALYZE [USER]: Curl_cwriter_def_init
[2m[DEBUG][0m ANALYZE [USER]: cw_raw_write
[2m[DEBUG][0m ANALYZE [USER]: Curl_cwriter_def_close
[2m[DEBUG][0m ANALYZE [USER]: cw_download_write
[2m[DEBUG][0m ANALYZE [USER]: get_max_body_write_len
[2m[DEBUG][0m ANALYZE [USER]: Curl_client_cleanup
[2m[DEBUG][0m ANALYZE [USER]: cl_reset_reader
[2m[DEBUG][0m ANALYZE [USER]: cl_reset_writer
[2m[DEBUG][0m ANALYZE [USER]: Curl_client_reset
[2m[DEBUG][0m ANALYZE [USER]: Curl_client_start
[2m[DEBUG][0m ANALYZE [USER]: Curl_creader_will_rewind
[2m[DEBUG][0m ANALYZE [USER]: Curl_creader_set_rewind
[2m[DEBUG][0m ANALYZE [USER]: Curl_cwriter_def_write
[2m[DEBUG][0m ANALYZE [USER]: Curl_cwriter_count
[2m[DEBUG][0m ANALYZE [USER]: Curl_cwriter_get_by_name
[2m[DEBUG][0m ANALYZE [USER]: Curl_cwriter_get_by_type
[2m[DEBUG][0m ANALYZE [USER]: Curl_cwriter_is_content_decoding
[2m[DEBUG][0m ANALYZE [USER]: Curl_cwriter_is_paused
[2m[DEBUG][0m ANALYZE [USER]: Curl_cwriter_unpause
[2m[DEBUG][0m ANALYZE [USER]: Curl_creader_read
[2m[DEBUG][0m ANALYZE [USER]: Curl_creader_def_init
[2m[DEBUG][0m ANALYZE [USER]: Curl_creader_def_close
[2m[DEBUG][0m ANALYZE [USER]: Curl_creader_def_read
[2m[DEBUG][0m ANALYZE [USER]: Curl_creader_def_needs_rewind
[2m[DEBUG][0m ANALYZE [USER]: Curl_creader_def_total_length
[2m[DEBUG][0m ANALYZE [USER]: Curl_creader_def_resume_from
[2m[DEBUG][0m ANALYZE [USER]: Curl_creader_def_rewind
[2m[DEBUG][0m ANALYZE [USER]: Curl_creader_def_unpause
[2m[DEBUG][0m ANALYZE [USER]: Curl_creader_def_is_paused
[2m[DEBUG][0m ANALYZE [USER]: Curl_creader_def_done
[2m[DEBUG][0m ANALYZE [USER]: Curl_creader_create
[2m[DEBUG][0m ANALYZE [USER]: Curl_creader_free
[2m[DEBUG][0m ANALYZE [USER]: Curl_creader_set_fread
[2m[DEBUG][0m ANALYZE [USER]: do_init_reader_stack
[2m[DEBUG][0m ANALYZE [USER]: cr_lc_add
[2m[DEBUG][0m ANALYZE [USER]: Curl_creader_add
[2m[DEBUG][0m ANALYZE [USER]: cr_lc_init
[2m[DEBUG][0m ANALYZE [USER]: cr_lc_read
[2m[DEBUG][0m ANALYZE [USER]: cr_lc_close
[2m[DEBUG][0m ANALYZE [USER]: cr_lc_total_length
[2m[DEBUG][0m ANALYZE [USER]: cr_in_init
[2m[DEBUG][0m ANALYZE [USER]: cr_in_read
[2m[DEBUG][0m ANALYZE [USER]: cr_in_needs_rewind
[2m[DEBUG][0m ANALYZE [USER]: cr_in_total_length
[2m[DEBUG][0m ANALYZE [USER]: cr_in_resume_from
[2m[DEBUG][0m ANALYZE [USER]: cr_in_rewind
[2m[DEBUG][0m ANALYZE [USER]: cr_in_unpause
[2m[DEBUG][0m ANALYZE [USER]: cr_in_is_paused
[2m[DEBUG][0m ANALYZE [USER]: Curl_creader_set
[2m[DEBUG][0m ANALYZE [USER]: Curl_client_read
[2m[DEBUG][0m ANALYZE [USER]: Curl_creader_needs_rewind
[2m[DEBUG][0m ANALYZE [USER]: Curl_creader_set_null
[2m[DEBUG][0m ANALYZE [USER]: cr_null_read
[2m[DEBUG][0m ANALYZE [USER]: cr_null_total_length
[2m[DEBUG][0m ANALYZE [USER]: Curl_creader_set_buf
[2m[DEBUG][0m ANALYZE [USER]: cr_buf_read
[2m[DEBUG][0m ANALYZE [USER]: cr_buf_needs_rewind
[2m[DEBUG][0m ANALYZE [USER]: cr_buf_total_length
[2m[DEBUG][0m ANALYZE [USER]: cr_buf_resume_from
[2m[DEBUG][0m ANALYZE [USER]: cr_buf_rewind
[2m[DEBUG][0m ANALYZE [USER]: Curl_creader_total_length
[2m[DEBUG][0m ANALYZE [USER]: Curl_creader_client_length
[2m[DEBUG][0m ANALYZE [USER]: Curl_creader_resume_from
[2m[DEBUG][0m ANALYZE [USER]: Curl_creader_unpause
[2m[DEBUG][0m ANALYZE [USER]: Curl_creader_is_paused
[2m[DEBUG][0m ANALYZE [USER]: Curl_creader_done
[2m[DEBUG][0m ANALYZE [USER]: Curl_creader_get_by_type
[2m[DEBUG][0m ANALYZE [USER]: Curl_setstropt
[2m[DEBUG][0m ANALYZE [USER]: Curl_setblobopt
[2m[DEBUG][0m ANALYZE [USER]: Curl_vsetopt
[2m[DEBUG][0m ANALYZE [USER]: setopt_long
[2m[DEBUG][0m ANALYZE [USER]: setopt_slist
[2m[DEBUG][0m ANALYZE [USER]: setopt_pointers
[2m[DEBUG][0m ANALYZE [USER]: setopt_cptr
[2m[DEBUG][0m ANALYZE [USER]: setopt_func
[2m[DEBUG][0m ANALYZE [USER]: setopt_offt
[2m[DEBUG][0m ANALYZE [USER]: setopt_blob
[2m[DEBUG][0m ANALYZE [USER]: setstropt_userpwd
[2m[DEBUG][0m ANALYZE [USER]: setstropt_interface
[2m[DEBUG][0m ANALYZE [USER]: protocol2num
[2m[DEBUG][0m ANALYZE [USER]: httpauth
[2m[DEBUG][0m ANALYZE [USER]: setopt_HTTP_VERSION
[2m[DEBUG][0m ANALYZE [USER]: setopt_RTSP_REQUEST
[2m[DEBUG][0m ANALYZE [USER]: curl_easy_setopt
[2m[DEBUG][0m ANALYZE [USER]: my_sha256_init
[2m[DEBUG][0m ANALYZE [USER]: my_sha256_update
[2m[DEBUG][0m ANALYZE [USER]: my_sha256_final
[2m[DEBUG][0m ANALYZE [USER]: Curl_sha256it
[2m[DEBUG][0m ANALYZE [USER]: curl_share_init
[2m[DEBUG][0m ANALYZE [USER]: curl_share_setopt
[2m[DEBUG][0m ANALYZE [USER]: curl_share_cleanup
[2m[DEBUG][0m ANALYZE [USER]: Curl_share_lock
[2m[DEBUG][0m ANALYZE [USER]: Curl_share_unlock
[2m[DEBUG][0m ANALYZE [USER]: Curl_slist_append_nodup
[2m[DEBUG][0m ANALYZE [USER]: slist_get_last
[2m[DEBUG][0m ANALYZE [USER]: curl_slist_append
[2m[DEBUG][0m ANALYZE [USER]: Curl_slist_duplicate
[2m[DEBUG][0m ANALYZE [USER]: curl_slist_free_all
[2m[DEBUG][0m ANALYZE [USER]: Curl_pipe
[2m[DEBUG][0m ANALYZE [USER]: Curl_socketpair
[2m[DEBUG][0m ANALYZE [USER]: socks_proxy_cf_destroy
[2m[DEBUG][0m ANALYZE [USER]: socks_proxy_cf_connect
[2m[DEBUG][0m ANALYZE [USER]: socks_proxy_cf_close
[2m[DEBUG][0m ANALYZE [USER]: socks_cf_get_host
[2m[DEBUG][0m ANALYZE [USER]: socks_cf_adjust_pollset
[2m[DEBUG][0m ANALYZE [USER]: socks_proxy_cf_free
[2m[DEBUG][0m ANALYZE [USER]: socksstate
[2m[DEBUG][0m ANALYZE [USER]: connect_SOCKS
[2m[DEBUG][0m ANALYZE [USER]: do_SOCKS5
[2m[DEBUG][0m ANALYZE [USER]: do_SOCKS4
[2m[DEBUG][0m ANALYZE [USER]: socks_state_send
[2m[DEBUG][0m ANALYZE [USER]: socks_state_recv
[2m[DEBUG][0m ANALYZE [USER]: Curl_cf_socks_proxy_insert_after
[2m[DEBUG][0m ANALYZE [USER]: Curl_speedinit
[2m[DEBUG][0m ANALYZE [USER]: Curl_speedcheck
[2m[DEBUG][0m ANALYZE [USER]: Curl_splay
[2m[DEBUG][0m ANALYZE [USER]: Curl_splayinsert
[2m[DEBUG][0m ANALYZE [USER]: Curl_splaygetbest
[2m[DEBUG][0m ANALYZE [USER]: Curl_splayremove
[2m[DEBUG][0m ANALYZE [USER]: Curl_splayset
[2m[DEBUG][0m ANALYZE [USER]: Curl_splayget
[2m[DEBUG][0m ANALYZE [USER]: Curl_raw_toupper
[2m[DEBUG][0m ANALYZE [USER]: Curl_raw_tolower
[2m[DEBUG][0m ANALYZE [USER]: Curl_strntoupper
[2m[DEBUG][0m ANALYZE [USER]: Curl_strntolower
[2m[DEBUG][0m ANALYZE [USER]: Curl_safecmp
[2m[DEBUG][0m ANALYZE [USER]: Curl_timestrcmp
[2m[DEBUG][0m ANALYZE [USER]: Curl_memdup
[2m[DEBUG][0m ANALYZE [USER]: Curl_memdup0
[2m[DEBUG][0m ANALYZE [USER]: Curl_saferealloc
[2m[DEBUG][0m ANALYZE [USER]: curl_strequal
[2m[DEBUG][0m ANALYZE [USER]: casecompare
[2m[DEBUG][0m ANALYZE [USER]: curl_strnequal
[2m[DEBUG][0m ANALYZE [USER]: ncasecompare
[2m[DEBUG][0m ANALYZE [USER]: Curl_uint_bset_init
[2m[DEBUG][0m ANALYZE [USER]: Curl_uint_bset_resize
[2m[DEBUG][0m ANALYZE [USER]: Curl_uint_bset_destroy
[2m[DEBUG][0m ANALYZE [USER]: Curl_uint_bset_capacity
[2m[DEBUG][0m ANALYZE [USER]: Curl_uint_bset_count
[2m[DEBUG][0m ANALYZE [USER]: Curl_uint_bset_empty
[2m[DEBUG][0m ANALYZE [USER]: Curl_uint_bset_clear
[2m[DEBUG][0m ANALYZE [USER]: Curl_uint_bset_add
[2m[DEBUG][0m ANALYZE [USER]: Curl_uint_bset_remove
[2m[DEBUG][0m ANALYZE [USER]: Curl_uint_bset_contains
[2m[DEBUG][0m ANALYZE [USER]: Curl_uint_bset_first
[2m[DEBUG][0m NOISE-SKIP [COMPILER_GEN]: Curl_uint_bset_next
[2m[DEBUG][0m ANALYZE [USER]: Curl_uint_hash_init
[2m[DEBUG][0m ANALYZE [USER]: Curl_uint_hash_set
[2m[DEBUG][0m ANALYZE [USER]: uint_hash_hash
[2m[DEBUG][0m ANALYZE [USER]: uint_hash_entry_clear
[2m[DEBUG][0m ANALYZE [USER]: uint_hash_mk_entry
[2m[DEBUG][0m ANALYZE [USER]: uint_hash_elem_link
[2m[DEBUG][0m ANALYZE [USER]: Curl_uint_hash_remove
[2m[DEBUG][0m ANALYZE [USER]: uint_hash_entry_unlink
[2m[DEBUG][0m ANALYZE [USER]: uint_hash_entry_destroy
[2m[DEBUG][0m ANALYZE [USER]: Curl_uint_hash_get
[2m[DEBUG][0m ANALYZE [USER]: Curl_uint_hash_clear
[2m[DEBUG][0m ANALYZE [USER]: uint_hash_clear
[2m[DEBUG][0m ANALYZE [USER]: Curl_uint_hash_destroy
[2m[DEBUG][0m ANALYZE [USER]: Curl_uint_hash_count
[2m[DEBUG][0m ANALYZE [USER]: Curl_uint_hash_visit
[2m[DEBUG][0m ANALYZE [USER]: Curl_uint_spbset_init
[2m[DEBUG][0m ANALYZE [USER]: Curl_uint_spbset_destroy
[2m[DEBUG][0m ANALYZE [USER]: Curl_uint_spbset_clear
[2m[DEBUG][0m ANALYZE [USER]: Curl_uint_spbset_count
[2m[DEBUG][0m ANALYZE [USER]: Curl_uint_spbset_empty
[2m[DEBUG][0m ANALYZE [USER]: Curl_uint_spbset_add
[2m[DEBUG][0m ANALYZE [USER]: uint_spbset_get_chunk
[2m[DEBUG][0m ANALYZE [USER]: Curl_uint_spbset_remove
[2m[DEBUG][0m ANALYZE [USER]: Curl_uint_spbset_contains
[2m[DEBUG][0m ANALYZE [USER]: Curl_uint_spbset_first
[2m[DEBUG][0m NOISE-SKIP [COMPILER_GEN]: Curl_uint_spbset_next
[2m[DEBUG][0m NOISE-SKIP [COMPILER_GEN]: uint_spbset_chunk_next
[2m[DEBUG][0m ANALYZE [USER]: uint_spbset_chunk_first
[2m[DEBUG][0m ANALYZE [USER]: Curl_uint_tbl_init
[2m[DEBUG][0m ANALYZE [USER]: Curl_uint_tbl_resize
[2m[DEBUG][0m ANALYZE [USER]: uint_tbl_clear_rows
[2m[DEBUG][0m ANALYZE [USER]: Curl_uint_tbl_destroy
[2m[DEBUG][0m ANALYZE [USER]: Curl_uint_tbl_clear
[2m[DEBUG][0m ANALYZE [USER]: Curl_uint_tbl_capacity
[2m[DEBUG][0m ANALYZE [USER]: Curl_uint_tbl_count
[2m[DEBUG][0m ANALYZE [USER]: Curl_uint_tbl_get
[2m[DEBUG][0m ANALYZE [USER]: Curl_uint_tbl_add
[2m[DEBUG][0m ANALYZE [USER]: Curl_uint_tbl_remove
[2m[DEBUG][0m ANALYZE [USER]: Curl_uint_tbl_contains
[2m[DEBUG][0m ANALYZE [USER]: Curl_uint_tbl_first
[2m[DEBUG][0m NOISE-SKIP [COMPILER_GEN]: uint_tbl_next_at
[2m[DEBUG][0m NOISE-SKIP [COMPILER_GEN]: Curl_uint_tbl_next
[2m[DEBUG][0m ANALYZE [USER]: ws_setup_conn
[2m[DEBUG][0m ANALYZE [USER]: Curl_ws_request
[2m[DEBUG][0m ANALYZE [USER]: Curl_ws_accept
[2m[DEBUG][0m ANALYZE [USER]: ws_dec_init
[2m[DEBUG][0m ANALYZE [USER]: ws_enc_init
[2m[DEBUG][0m ANALYZE [USER]: ws_conn_dtor
[2m[DEBUG][0m ANALYZE [USER]: ws_dec_reset
[2m[DEBUG][0m ANALYZE [USER]: ws_enc_reset
[2m[DEBUG][0m ANALYZE [USER]: ws_cw_init
[2m[DEBUG][0m ANALYZE [USER]: ws_cw_write
[2m[DEBUG][0m ANALYZE [USER]: ws_cw_close
[2m[DEBUG][0m NOISE-SKIP [COMPILER_GEN]: ws_cw_dec_next
[2m[DEBUG][0m ANALYZE [USER]: ws_dec_pass
[2m[DEBUG][0m NOISE-SKIP [COMPILER_GEN]: ws_dec_next_frame
[2m[DEBUG][0m ANALYZE [USER]: ws_dec_read_head
[2m[DEBUG][0m ANALYZE [USER]: ws_dec_pass_payload
[2m[DEBUG][0m ANALYZE [USER]: ws_dec_info
[2m[DEBUG][0m ANALYZE [USER]: ws_frame_name_of_op
[2m[DEBUG][0m ANALYZE [USER]: ws_frame_firstbyte2flags
[2m[DEBUG][0m ANALYZE [USER]: curl_ws_send
[2m[DEBUG][0m ANALYZE [USER]: update_meta
[2m[DEBUG][0m ANALYZE [USER]: ws_flush
[2m[DEBUG][0m ANALYZE [USER]: ws_send_raw
[2m[DEBUG][0m ANALYZE [USER]: ws_enc_write_head
[2m[DEBUG][0m ANALYZE [USER]: ws_enc_write_payload
[2m[DEBUG][0m ANALYZE [USER]: ws_enc_info
[2m[DEBUG][0m ANALYZE [USER]: ws_frame_flags2firstbyte
[2m[DEBUG][0m ANALYZE [USER]: ws_send_raw_blocking
[2m[DEBUG][0m ANALYZE [USER]: curl_ws_recv
[2m[DEBUG][0m ANALYZE [USER]: nw_in_recv
[2m[DEBUG][0m ANALYZE [USER]: ws_client_collect
[2m[DEBUG][0m ANALYZE [USER]: curl_ws_meta
[32m[INFO][0m FFI Analysis Summary:
[32m[INFO][0m   Functions analyzed: 1245
[32m[INFO][0m   FFI Boundaries: 1454
[32m[INFO][0m     - Cross-language: 3
[32m[INFO][0m     - External unknown: 1451
[32m[INFO][0m     - LibC calls: 65
[31m[ERROR][0m   Dangerous calls: 6
[32m[INFO][0m   Semantic Registry: 166 functions known
[32m[INFO][0m RC-Container: 1 functions identified as refcount-managed (skipped)
[2m[DEBUG][0m DOUBLE-FREE: No free sites, skipping
[32m[INFO][0m PointerOwnership: Found 0 allocations, 0 frees, 0 tracked pointers
[32m[INFO][0m PointerOwnership: No cross-language ownership violations detected
[32m[INFO][0m   (Checks for Rust-alloc/C-free or C-alloc/Rust-free mismatches)
[32m[INFO][0m PointerOwnership: Memory pool stats - allocated: 0, reused: 0, in_use: 0

[36m═══════════════════════════════════════════════════════════════[0m
[1mZone Classification Summary[0m
[36m═══════════════════════════════════════════════════════════════[0m

  Total functions analyzed:    962
  Safe zone (skipped):         0 (0.0%)
  Runtime internal (skipped):  0
  Unsafe zone (analyzed):      0
  FFI zone (analyzed):         0
  Unknown zone:                962

[32m  Escape zone functions:       0 (0.0% of total)[0m
[32m  Issues found:                0[0m

[36m═══════════════════════════════════════════════════════════════[0m


=== Performance Profile Report ===

Operation                           Calls   Total (ms)     Avg (us)     Max (us)
--------------------------------------------------------------------------------
init                                    1       605.77    605773.08    605773.08
detect                                  2         0.10        50.27        80.71
total                                   1       605.79    605791.83    605791.83
analysis                                1       498.99    498987.83    498987.83
[32m[INFO][0m PointerOwnership: 4 ops, 1710.65ms total
[32m[INFO][0m FFIUnsafe: Analyzed 1454 boundaries, found 0 issues
[INFO] Analysis complete

[INFO] Functions processed: 1245

[INFO] Facts generated: 0

[INFO] Report saved to: /Users/scc/code/zigcode/OmniScope/outputs/realworld/curl8.json

