[INFO] === OmniScope IR Analysis ===

[INFO] File: /tmp/libuv150.bc


[INFO] Loaded: 877 functions


[INFO] LANG-DETECT: module language = c, confidence = 100.0%, method = sampling
[31m[ERROR][0m VULNERABILITY OMI-001 [medium] [Confidence: MEDIUM]
[31m[ERROR][0m Type: tainted_path_to_sink
[31m[ERROR][0m Reason: Untrusted data flows to sensitive sink without validation
[31m[ERROR][0m Path:
[31m[ERROR][0m   [Sink] getenv()
[32m[INFO][0m CallGraph: extracted 1193 cross-language edges
[32m[INFO][0m CallGraph: built semantics CallGraph with 877 nodes, 2500 edges for BFS traversal
[32m[INFO][0m [PERF] Pass 'call-graph: 64 ms
[32m[INFO][0m RustFfiFilter: analyzed 647 funcs, 0 findings (8 stack escapes)
[32m[INFO][0m ReturnCheck: Analyzed functions, found 0 unchecked return values
[32m[INFO][0m BufferOverflow: Skipped (module has 647 functions, >500 threshold)
[32m[INFO][0m PointerFlow: Marked 1 parameters of 'getenv' as sources
[32m[INFO][0m PointerFlow: Found 1 source functions
[32m[INFO][0m PointerFlow: 38 values tracked after propagation
[32m[INFO][0m [PERF] Pass 'pointer-flow: 43 ms
[32m[INFO][0m FFITypeMismatch: analyzed 2558 calls, found 1231 FFI boundaries, 0 issues
[32m[INFO][0m [PERF] Pass 'ffi-type-mismatch: 15 ms
[32m[INFO][0m [P1-1] DangerSurfacePass: 1193 FFI, 0 allocs, 0 funcs | Phase1=0ms (args=0 rets=0 alias_traces=0) Phase2=0ms (cross_lang_free=0)
[32m[INFO][0m FFIBoundary: consuming 1193 cross-language edges from CallGraph
Segmentation fault at address 0x1ff4
???:?:?: 0x10b3d6980 in ??? (libLLVM.dylib)
/Users/scc/code/zigcode/OmniScope/src/pass/analysis/ptr_lifetime_violations.zig:244:39: 0x100e42ea3 in checkFFIReturnNullGuard (OmniScope)
    if (!ip_ffi.check_null_guard_after(inst)) {
                                      ^
/Users/scc/code/zigcode/OmniScope/src/pass/analysis/ptr_lifetime_violations.zig:795:36: 0x100e4af23 in checkViolations (OmniScope)
        try checkFFIReturnNullGuard(ctx, inst, func, func_name, pointer_map, diag, stats);
                                   ^
/Users/scc/code/zigcode/OmniScope/src/pass/analysis/ptr_lifetime.zig:514:40: 0x100e4b81f in analyzeFunction (OmniScope)
                    try checkViolations(ctx, inst, func, func_name, bb_id, bb_ref, &pointer_map, mem_graph, diag, stats, &free_sites);
                                       ^
/Users/scc/code/zigcode/OmniScope/src/pass/analysis/ptr_lifetime.zig:297:32: 0x100dd6663 in run (OmniScope)
                analyzeFunction(ctx, func, diag, &stats, mem_graph, &t_track_fn, &t_check_fn, is_ffi_func) catch |err| {
                               ^
/Users/scc/code/zigcode/OmniScope/src/pass/manager.zig:203:42: 0x100de2fff in run (OmniScope)
            self.passes.items[idx].run_fn(ctx, diag) catch |err| {
                                         ^
/Users/scc/code/zigcode/OmniScope/src/pipeline/pipeline.zig:153:34: 0x100de6427 in run (OmniScope)
        try self.pass_manager.run(&ctx, &diag);
                                 ^
/Users/scc/code/zigcode/OmniScope/src/pipeline/pipeline.zig:206:21: 0x100de887f in runStaticAnalysis (OmniScope)
        try self.run();
                    ^
/Users/scc/code/zigcode/OmniScope/src/main.zig:238:50: 0x100e057cf in runSingleFileAnalysis (OmniScope)
    const result = try pipeline.runStaticAnalysis();
                                                 ^
/Users/scc/code/zigcode/OmniScope/src/main.zig:657:34: 0x100e0bc1b in main (OmniScope)
        try runSingleFileAnalysis(allocator, config.input_files.items[0], config);
                                 ^
/Users/scc/.zvm/0.15.2/lib/std/start.zig:627:37: 0x100e0c2a3 in main (OmniScope)
            const result = root.main() catch |err| {
                                    ^
???:?:?: 0x196f92b97 in ??? (???)
???:?:?: 0x0 in ??? (???)
